2mI (315) ï¿½ESP-ROM:esp32s3-20210327
Build:Mar 27 2021
rst:0x1 (POWERON),boot:0x8 (SPI_FAST_FLASH_BOOT)
SPIWP:0xee
mode:DIO, clock div:1
load:0x3fce3818,len:0x1758
load:0x403c9700,len:0x4
load:0x403c9704,len:0xc00
load:0x403cc700,len:0x2e04
entry 0x403c9908
[0;32mI (27) boot: ESP-IDF v5.1.2-dirty 2nd stage bootloader[0m
[0;32mI (27) boot: compile time Dec 29 2023 20:24:44[0m
[0;32mI (27) boot: Multicore bootloader[0m
[0;32mI (30) boot: chip revision: v0.1[0m
[0;32mI (34) boot.esp32s3: Boot SPI Speed : 80MHz[0m
[0;32mI (39) boot.esp32s3: SPI Mode       : DIO[0m
[0;32mI (44) boot.esp32s3: SPI Flash Size : 16MB[0m
[0;32mI (49) boot: Enabling RNG early entropy source...[0m
[0;32mI (54) boot: Partition Table:[0m
[0;32mI (57) boot: ## Label            Usage          Type ST Offset   Length[0m
[0;32mI (65) boot:  0 nvs              WiFi data        01 02 00009000 00006000[0m
[0;32mI (72) boot:  1 phy_init         RF data          01 01 0000f000 00001000[0m
[0;32mI (80) boot:  2 factory          factory app      00 00 00010000 00177000[0m
[0;32mI (87) boot: End of partition table[0m
[0;32mI (91) esp_image: segment 0: paddr=00010020 vaddr=3c0c0020 size=2834ch (164684) map[0m
[0;32mI (129) esp_image: segment 1: paddr=00038374 vaddr=3fc9a700 size=04d70h ( 19824) load[0m
[0;32mI (134) esp_image: segment 2: paddr=0003d0ec vaddr=40374000 size=02f2ch ( 12076) load[0m
[0;32mI (138) esp_image: segment 3: paddr=00040020 vaddr=42000020 size=b3d48h (736584) map[0m
[0;32mI (276) esp_image: segment 4: paddr=000f3d70 vaddr=40376f2c size=136cch ( 79564) load[0m
[0;32mI (303) boot: Loaded app from partition at offset 0x10000[0m
[0;32mI (303) boot: Disabling RNG early entropy source...[0m
[0;32mI (315) cpu_start: Multicore app[0m
[0;32mI (315) octal_psram: vendor id    : 0x0d (AP)[0m
[0;32mI (315) octal_psram: dev id       : 0x02 (generation 3)[0m
[0;32mI (318) octal_psram: density      : 0x03 (64 Mbit)[0m
[0;32mI (324) octal_psram: good-die     : 0x01 (Pass)[0m
[0;32mI (329) octal_psram: Latency      : 0x01 (Fixed)[0m
[0;32mI (334) octal_psram: VCC          : 0x01 (3V)[0m
[0;32mI (339) octal_psram: SRF          : 0x01 (Fast Refresh)[0m
[0;32mI (345) octal_psram: BurstType    : 0x01 (Hybrid Wrap)[0m
[0;32mI (351) octal_psram: BurstLen     : 0x01 (32 Byte)[0m
[0;32mI (356) octal_psram: Readlatency  : 0x02 (10 cycles@Fixed)[0m
[0;32mI (363) octal_psram: DriveStrength: 0x00 (1/1)[0m
[0;32mI (368) MSPI Timing: PSRAM timing tuning index: 5[0m
[0;32mI (373) esp_psram: Found 8MB PSRAM device[0m
[0;32mI (378) esp_psram: Speed: 80MHz[0m
[0;32mI (463) mmu_psram: Instructions copied and mapped to SPIRAM[0m
[0;32mI (483) mmu_psram: Read only data copied and mapped to SPIRAM[0m
[0;32mI (483) cpu_start: Pro cpu up.[0m
[0;32mI (483) cpu_start: Starting app cpu, entry point is 0x403757ac[0m
[0;32mI (0) cpu_start: App cpu up.[0m
[0;32mI (887) esp_psram: SPI SRAM memory test OK[0m
[0;32mI (896) cpu_start: Pro cpu start user code[0m
[0;32mI (896) cpu_start: cpu freq: 240000000 Hz[0m
[0;32mI (896) cpu_start: Application information:[0m
[0;32mI (899) cpu_start: Project name:     shopify_display[0m
[0;32mI (905) cpu_start: App version:      56578fe-dirty[0m
[0;32mI (910) cpu_start: Compile time:     Dec 29 2023 20:24:40[0m
[0;32mI (916) cpu_start: ELF file SHA256:  6338a0b94353ac0e...[0m
[0;32mI (922) cpu_start: ESP-IDF:          v5.1.2-dirty[0m
[0;32mI (928) cpu_start: Min chip rev:     v0.0[0m
[0;32mI (932) cpu_start: Max chip rev:     v0.99 [0m
[0;32mI (937) cpu_start: Chip rev:         v0.1[0m
[0;32mI (942) heap_init: Initializing. RAM available for dynamic allocation:[0m
[0;32mI (949) heap_init: At 3FCA36B0 len 00046060 (280 KiB): DRAM[0m
[0;32mI (955) heap_init: At 3FCE9710 len 00005724 (21 KiB): STACK/DRAM[0m
[0;32mI (962) heap_init: At 3FCF0000 len 00008000 (32 KiB): DRAM[0m
[0;32mI (968) heap_init: At 600FE010 len 00001FD8 (7 KiB): RTCRAM[0m
[0;32mI (975) esp_psram: Adding pool of 7232K of PSRAM memory to heap allocator[0m
[0;32mI (982) spi_flash: detected chip: generic[0m
[0;32mI (987) spi_flash: flash io: dio[0m
[0;32mI (991) sleep: Configure to isolate all GPIO pins in sleep state[0m
[0;32mI (997) sleep: Enable automatic switching of GPIO sleep configuration[0m
[0;32mI (1005) app_start: Starting scheduler on CPU0[0m
[0;32mI (1010) app_start: Starting scheduler on CPU1[0m
[0;32mI (1010) main_task: Started on CPU0[0m
[0;32mI (1020) esp_psram: Reserving pool of 32K of internal memory for DMA/internal allocations[0m
[0;32mI (1030) main_task: Calling app_main()[0m
[0;32mI (1040) sensorTask.c: Enable request timer[0m
[0;32mI (1040) GUI: Turn off LCD backlight[0m
[0;32mI (1040) pp: pp rom version: e7ae62f[0m
[0;32mI (1040) gpio: GPIO[45]| InputEn: 0| OutputEn: 1| OpenDrain: 0| Pullup: 0| Pulldown: 0| Intr:0 [0m
[0;32mI (1050) net80211: net80211 rom version: e7ae62f[0m
[0;32mI (1060) GUI: Install RGB LCD panel driver[0m
I (1070) wifi:wifi driver task: 3fcbcda8, prio:23, stack:6656, core=0
I (1080) wifi:wifi firmware version: 91b9630
I (1080) wifi:wifi certification version: v7.0
I (1080) wifi:config NVS flash: enabled
I (1080) wifi:config nano formating: disabled
I (1090) wifi:Init data frame dynamic rx buffer num: 32
D (1090) lcd_panel.rgb: new rgb panel(0) @0x3fca88b4, num_fbs=1, fb_size=768000, bb0 @0x0, bb1 @0x0, bb_size=0[0m
I (1090) wifi:D (1100) lcd_panel.rgb: fb[0] @0x3c0f09c0[0m
Init static rx mgmt buffer num: 5[0;32mI (1110) GUI: Register event callbacks[0m

[0;31mE (1120) lcd_panel.rgb: esp_lcd_rgb_panel_register_event_callbacks(358): on_vsync callback not in IRAM[0m
ESP_ERROR_CHECK failed: esp_err_t 0x102 (ESP_ERR_INVALID_ARG) at 0x4200a617
file: "./main/gui.c" line 194
func: guiTask
expression: esp_lcd_rgb_panel_register_event_callbacks(panel_handle, &cbs, &disp_drv)

abort() was called at PC 0x4037ef33 on core 1


Backtrace: 0x40375d4a:0x3fcb79b0 0x4037ef3d:0x3fcb79d0 0x40386626:0x3fcb79f0 0x4037ef33:0x3fcb7a60 0x4200a617:0x3fcb7a90 0x40381959:0x3fcb7bf0




ELF file SHA256: 6338a0b94353ac0e

Rebooting...
ESP-ROM:esp32s3-20210327
Build:Mar 27 2021
rst:0x3 (RTC_SW_SYS_RST),boot:0x8 (SPI_FAST_FLASH_BOOT)
Saved PC:0x42008fb3
SPIWP:0xee
mode:DIO, clock div:1
load:0x3fce3818,len:0x1758
load:0x403c9700,len:0x4
load:0x403c9704,len:0xc00
load:0x403cc700,len:0x2e04
entry 0x403c9908
[0;32mI (31) boot: ESP-IDF v5.1.2-dirty 2nd stage bootloader[0m
[0;32mI (31) boot: compile time Dec 29 2023 20:24:44[0m
[0;32mI (31) boot: Multicore bootloader[0m
[0;32mI (35) boot: chip revision: v0.1[0m
[0;32mI (39) boot.esp32s3: Boot SPI Speed : 80MHz[0m
[0;32mI (43) boot.esp32s3: SPI Mode       : DIO[0m
[0;32mI (48) boot.esp32s3: SPI Flash Size : 16MB[0m
[0;32mI (53) boot: Enabling RNG early entropy source...[0m
[0;32mI (58) boot: Partition Table:[0m
[0;32mI (62) boot: ## Label            Usage          Type ST Offset   Length[0m
[0;32mI (69) boot:  0 nvs              WiFi data        01 02 00009000 00006000[0m
[0;32mI (77) boot:  1 phy_init         RF data          01 01 0000f000 00001000[0m
[0;32mI (84) boot:  2 factory          factory app      00 00 00010000 00177000[0m
[0;32mI (92) boot: End of partition table[0m
[0;32mI (96) esp_image: segment 0: paddr=00010020 vaddr=3c0c0020 size=2834ch (164684) map[0m
[0;32mI (134) esp_image: segment 1: paddr=00038374 vaddr=3fc9a700 size=04d70h ( 19824) load[0m
[0;32mI (138) esp_image: segment 2: paddr=0003d0ec vaddr=40374000 size=02f2ch ( 12076) load[0m
[0;32mI (142) esp_image: segment 3: paddr=00040020 vaddr=42000020 size=b3d48h (736584) map[0m
[0;32mI (280) esp_image: segment 4: paddr=000f3d70 vaddr=40376f2c size=136cch ( 79564) load[0m
[0;32mI (307) boot: Loaded app from partition at offset 0x10000[0m
[0;32mI (308) boot: Disabling RNG early entropy source...[0m
[0;32mI (319) cpu_start: Multicore app[0m
[0;32mI (319) octal_psram: vendor id    : 0x0d (AP)[0m
[0;32mI (320) octal_psram: dev id       : 0x02 (generation 3)[0m
[0;32mI (323) octal_psram: density      : 0x03 (64 Mbit)[0m
[0;32mI (328) octal_psram: good-die     : 0x01 (Pass)[0m
[0;32mI (333) octal_psram: Latency      : 0x01 (Fixed)[0m
[0;32mI (339) octal_psram: VCC          : 0x01 (3V)[0m
[0;32mI (344) octal_psram: SRF          : 0x01 (Fast Refresh)[0m
[0;32mI (350) octal_psram: BurstType    : 0x01 (Hybrid Wrap)[0m
[0;32mI (355) octal_psram: BurstLen     : 0x01 (32 Byte)[0m
[0;32mI (361) octal_psram: Readlatency  : 0x02 (10 cycles@Fixed)[0m
[0;32mI (367) octal_psram: DriveStrength: 0x00 (1/1)[0m
[0;32mI (373) MSPI Timing: PSRAM timing tuning index: 5[0m
[0;32mI (378) esp_psram: Found 8MB PSRAM device[0m
[0;32mI (382) esp_psram: Speed: 80MHz[0m
[0;32mI (467) mmu_psram: Instructions copied and mapped to SPIRAM[0m
[0;32mI (487) mmu_psram: Read only data copied and mapped to SPIRAM[0m
[0;32mI (487) cpu_start: Pro cpu up.[0m
[0;32mI (487) cpu_start: Starting app cpu, entry point is 0x403757ac[0m
[0;32mI (0) cpu_start: App cpu up.[0m
[0;32mI (892) esp_psram: SPI SRAM memory test OK[0m
[0;32mI (900) cpu_start: Pro cpu start user code[0m
[0;32mI (900) cpu_start: cpu freq: 240000000 Hz[0m
[0;32mI (901) cpu_start: Application information:[0m
[0;32mI (903) cpu_start: Project name:     shopify_display[0m
[0;32mI (909) cpu_start: App version:      56578fe-dirty[0m
[0;32mI (915) cpu_start: Compile time:     Dec 29 2023 20:24:40[0m
[0;32mI (921) cpu_start: ELF file SHA256:  6338a0b94353ac0e...[0m
[0;32mI (927) cpu_start: ESP-IDF:          v5.1.2-dirty[0m
[0;32mI (932) cpu_start: Min chip rev:     v0.0[0m
[0;32mI (937) cpu_start: Max chip rev:     v0.99 [0m
[0;32mI (942) cpu_start: Chip rev:         v0.1[0m
[0;32mI (946) heap_init: Initializing. RAM available for dynamic allocation:[0m
[0;32mI (954) heap_init: At 3FCA36B0 len 00046060 (280 KiB): DRAM[0m
[0;32mI (960) heap_init: At 3FCE9710 len 00005724 (21 KiB): STACK/DRAM[0m
[0;32mI (966) heap_init: At 3FCF0000 len 00008000 (32 KiB): DRAM[0m
[0;32mI (973) heap_init: At 600FE010 len 00001FD8 (7 KiB): RTCRAM[0m
[0;32mI (979) esp_psram: Adding pool of 7232K of PSRAM memory to heap allocator[0m
[0;32mI (987) spi_flash: detected chip: generic[0m
[0;32mI (991) spi_flash: flash io: dio[0m
[0;32mI (995) sleep: Configure to isolate all GPIO pins in sleep state[0m
[0;32mI (1002) sleep: Enable automatic switching of GPIO sleep configuration[0m
[0;32mI (1009) app_start: Starting scheduler on CPU0[0m
[0;32mI (1014) app_start: Starting scheduler on CPU1[0m
[0;32mI (1014) main_task: Started on CPU0[0m
[0;32mI (1024) esp_psram: Reserving pool of 32K of internal memory for DMA/internal allocations[0m
[0;32mI (1034) main_task: Calling app_main()[0m
[0;32mI (1044) sensorTask.c: Enable request timer[0m
[0;32mI (1044) GUI: Turn off LCD backlight[0m
[0;32mI (1044) pp: pp rom version: e7ae62f[0m
[0;32mI (1044) gpio: GPIO[45]| InputEn: 0| OutputEn: 1| OpenDrain: 0| Pullup: 0| Pulldown: 0| Intr:0 [0m
[0;32mI (1054) net80211: net80211 rom version: e7ae62f[0m
[0;32mI (1064) GUI: Install RGB LCD panel driver[0m
I (1074) wifi:wifi driver task: 3fcbcda8, prio:23, stack:6656, core=0
I (1084) wifi:wifi firmware version: 91b9630
I (1084) wifi:wifi certification version: v7.0
I (1084) wifi:config NVS flash: enabled
I (1084) wifi:config nano formating: disabled
I (1094) wifi:Init data frame dynamic rx buffer num: 32
D (1094) lcd_panel.rgb: new rgb panel(0) @0x3fca88b4, num_fbs=1, fb_size=768000, bb0 @0x0, bb1 @0x0, bb_size=0[0m
I (1094) wifi:D (1104) lcd_panel.rgb: fb[0] @0x3c0f09c0[0m
Init static rx mgmt buffer num: 5[0;32mI (1114) GUI: Register event callbacks[0m

[0;31mE (1124) lcd_panel.rgb: esp_lcd_rgb_panel_register_event_callbacks(358): on_vsync callback not in IRAM[0m
ESP_ERROR_CHECK failed: esp_err_t 0x102 (ESP_ERR_INVALID_ARG) at 0x4200a617
file: "./main/gui.c" line 194
func: guiTask
expression: esp_lcd_rgb_panel_register_event_callbacks(panel_handle, &cbs, &disp_drv)

abort() was called at PC 0x4037ef33 on core 1


Backtrace: 0x40375d4a:0x3fcb79b0 0x4037ef3d:0x3fcb79d0 0x40386626:0x3fcb79f0 0x4037ef33:0x3fcb7a60 0x4200a617:0x3fcb7a90 0x40381959:0x3fcb7bf0




ELF file SHA256: 6338a0b94353ac0e

Rebooting...
ESP-ROM:esp32s3-20210327
Build:Mar 27 2021
rst:0x3 (RTC_SW_SYS_RST),boot:0x8 (SPI_FAST_FLASH_BOOT)
Saved PC:0x42008fb3
SPIWP:0xee
mode:DIO, clock div:1
load:0x3fce3818,len:0x1758
load:0x403c9700,len:0x4
load:0x403c9704,len:0xc00
load:0x403cc700,len:0x2e04
entry 0x403c9908
[0;32mI (31) boot: ESP-IDF v5.1.2-dirty 2nd stage bootloader[0m
[0;32mI (31) boot: compile time Dec 29 2023 20:24:44[0m
[0;32mI (31) boot: Multicore bootloader[0m
[0;32mI (35) boot: chip revision: v0.1[0m
[0;32mI (39) boot.esp32s3: Boot SPI Speed : 80MHz[0m
[0;32mI (43) boot.esp32s3: SPI Mode       : DIO[0m
[0;32mI (48) boot.esp32s3: SPI Flash Size : 16MB[0m
[0;32mI (53) boot: Enabling RNG early entropy source...[0m
[0;32mI (58) boot: Partition Table:[0m
[0;32mI (62) boot: ## Label            Usage          Type ST Offset   Length[0m
[0;32mI (69) boot:  0 nvs              WiFi data        01 02 00009000 00006000[0m
[0;32mI (77) boot:  1 phy_init         RF data          01 01 0000f000 00001000[0m
[0;32mI (84) boot:  2 factory          factory app      00 00 00010000 00177000[0m
[0;32mI (92) boot: End of partition table[0m
[0;32mI (96) esp_image: segment 0: paddr=00010020 vaddr=3c0c0020 size=2834ch (164684) map[0m
[0;32mI (134) esp_image: segment 1: paddr=00038374 vaddr=3fc9a700 size=04d70h ( 19824) load[0m
[0;32mI (138) esp_image: segment 2: paddr=0003d0ec vaddr=40374000 size=02f2ch ( 12076) load[0m
[0;32mI (142) esp_image: segment 3: paddr=00040020 vaddr=42000020 size=b3d48h (736584) map[0m
[0;32mI (280) esp_image: segment 4: paddr=000f3d70 vaddr=40376f2c size=136cch ( 79564) load[0m
[0;32mI (307) boot: Loaded app from partition at offset 0x10000[0m
[0;32mI (308) boot: Disabling RNG early entropy source...[0m
[0;32mI (319) cpu_start: Multicore app[0m
[0;32mI (319) octal_psram: vendor id    : 0x0d (AP)[0m
[0;32mI (320) octal_psram: dev id       : 0x02 (generation 3)[0m
[0;32mI (323) octal_psram: density      : 0x03 (64 Mbit)[0m
[0;32mI (328) octal_psram: good-die     : 0x01 (Pass)[0m
[0;32mI (333) octal_psram: Latency      : 0x01 (Fixed)[0m
[0;32mI (339) octal_psram: VCC          : 0x01 (3V)[0m
[0;32mI (344) octal_psram: SRF          : 0x01 (Fast Refresh)[0m
[0;32mI (350) octal_psram: BurstType    : 0x01 (Hybrid Wrap)[0m
[0;32mI (355) octal_psram: BurstLen     : 0x01 (32 Byte)[0m
[0;32mI (361) octal_psram: Readlatency  : 0x02 (10 cycles@Fixed)[0m
[0;32mI (367) octal_psram: DriveStrength: 0x00 (1/1)[0m
[0;32mI (373) MSPI Timing: PSRAM timing tuning index: 5[0m
[0;32mI (378) esp_psram: Found 8MB PSRAM device[0m
[0;32mI (382) esp_psram: Speed: 80MHz[0m
[0;32mI (467) mmu_psram: Instructions copied and mapped to SPIRAM[0m
[0;32mI (487) mmu_psram: Read only data copied and mapped to SPIRAM[0m
[0;32mI (487) cpu_start: Pro cpu up.[0m
[0;32mI (487) cpu_start: Starting app cpu, entry point is 0x403757ac[0m
[0;32mI (0) cpu_start: App cpu up.[0m
[0;32mI (892) esp_psram: SPI SRAM memory test OK[0m
[0;32mI (900) cpu_start: Pro cpu start user code[0m
[0;32mI (900) cpu_start: cpu freq: 240000000 Hz[0m
[0;32mI (901) cpu_start: Application information:[0m
[0;32mI (903) cpu_start: Project name:     shopify_display[0m
[0;32mI (909) cpu_start: App version:      56578fe-dirty[0m
[0;32mI (915) cpu_start: Compile time:     Dec 29 2023 20:24:40[0m
[0;32mI (921) cpu_start: ELF file SHA256:  6338a0b94353ac0e...[0m
[0;32mI (927) cpu_start: ESP-IDF:          v5.1.2-dirty[0m
[0;32mI (932) cpu_start: Min chip rev:     v0.0[0m
[0;32mI (937) cpu_start: Max chip rev:     v0.99 [0m
[0;32mI (942) cpu_start: Chip rev:         v0.1[0m
[0;32mI (946) heap_init: Initializing. RAM available for dynamic allocation:[0m
[0;32mI (954) heap_init: At 3FCA36B0 len 00046060 (280 KiB): DRAM[0m
[0;32mI (960) heap_init: At 3FCE9710 len 00005724 (21 KiB): STACK/DRAM[0m
[0;32mI (966) heap_init: At 3FCF0000 len 00008000 (32 KiB): DRAM[0m
[0;32mI (973) heap_init: At 600FE010 len 00001FD8 (7 KiB): RTCRAM[0m
[0;32mI (979) esp_psram: Adding pool of 7232K of PSRAM memory to heap allocator[0m
[0;32mI (987) spi_flash: detected chip: generic[0m
[0;32mI (991) spi_flash: flash io: dio[0m
[0;32mI (995) sleep: Configure to isolate all GPIO pins in sleep state[0m
[0;32mI (1002) sleep: Enable automatic switching of GPIO sleep configuration[0m
[0;32mI (1009) app_start: Starting scheduler on CPU0[0m
[0;32mI (1014) app_start: Starting scheduler on CPU1[0m
[0;32mI (1014) main_task: Started on CPU0[0m
[0;32mI (1024) esp_psram: Reserving pool of 32K of internal memory for DMA/internal allocations[0m
[0;32mI (1034) main_task: Calling app_main()[0m
[0;32mI (1044) sensorTask.c: Enable request timer[0m
[0;32mI (1044) GUI: Turn off LCD backlight[0m
[0;32mI (1044) pp: pp rom version: e7ae62f[0m
[0;32mI (1044) gpio: GPIO[45]| InputEn: 0| OutputEn: 1| OpenDrain: 0| Pullup: 0| Pulldown: 0| Intr:0 [0m
[0;32mI (1054) net80211: net80211 rom version: e7ae62f[0m
[0;32mI (1064) GUI: Install RGB LCD panel driver[0m
I (1074) wifi:wifi driver task: 3fcbcda8, prio:23, stack:6656, core=0
I (1084) wifi:wifi firmware version: 91b9630
I (1084) wifi:wifi certification version: v7.0
I (1084) wifi:config NVS flash: enabled
I (1084) wifi:config nano formating: disabled
I (1094) wifi:Init data frame dynamic rx buffer num: 32
D (1094) lcd_panel.rgb: new rgb panel(0) @0x3fca88b4, num_fbs=1, fb_size=768000, bb0 @0x0, bb1 @0x0, bb_size=0[0m
I (1094) wifi:D (1104) lcd_panel.rgb: fb[0] @0x3c0f09c0[0m
Init static rx mgmt buffer num: 5[0;32mI (1114) GUI: Register event callbacks[0m

[0;31mE (1124) lcd_panel.rgb: esp_lcd_rgb_panel_register_event_callbacks(358): on_vsync callback not in IRAM[0m
ESP_ERROR_CHECK failed: esp_err_t 0x102 (ESP_ERR_INVALID_ARG) at 0x4200a617
file: "./main/gui.c" line 194
func: guiTask
expression: esp_lcd_rgb_panel_register_event_callbacks(panel_handle, &cbs, &disp_drv)

abort() was called at PC 0x4037ef33 on core 1


Backtrace: 0x40375d4a:0x3fcb79b0 0x4037ef3d:0x3fcb79d0 0x40386626:0x3fcb79f0 0x4037ef33:0x3fcb7a60 0x4200a617:0x3fcb7a90 0x40381959:0x3fcb7bf0




ELF file SHA256: 6338a0b94353ac0e

Rebooting...
ESP-ROM:esp32s3-20210327
Build:Mar 27 2021
rst:0x3 (RTC_SW_SYS_RST),boot:0x8 (SPI_FAST_FLASH_BOOT)
Saved PC:0x42008fb3
SPIWP:0xee
mode:DIO, clock div:1
load:0x3fce3818,len:0x1758
load:0x403c9700,len:0x4
load:0x403c9704,len:0xc00
load:0x403cc700,len:0x2e04
entry 0x403c9908
[0;32mI (31) boot: ESP-IDF v5.1.2-dirty 2nd stage bootloader[0m
[0;32mI (31) boot: compile time Dec 29 2023 20:24:44[0m
[0;32mI (31) boot: Multicore bootloader[0m
[0;32mI (35) boot: chip revision: v0.1[0m
[0;32mI (39) boot.esp32s3: Boot SPI Speed : 80MHz[0m
[0;32mI (43) boot.esp32s3: SPI Mode       : DIO[0m
[0;32mI (48) boot.esp32s3: SPI Flash Size : 16MB[0m
[0;32mI (53) boot: Enabling RNG early entropy source...[0m
[0;32mI (58) boot: Partition Table:[0m
[0;32mI (62) boot: ## Label            Usage          Type ST Offset   Length[0m
[0;32mI (69) boot:  0 nvs              WiFi data        01 02 00009000 00006000[0m
[0;32mI (77) boot:  1 phy_init         RF data          01 01 0000f000 00001000[0m
[0;32mI (84) boot:  2 factory          factory app      00 00 00010000 00177000[0m
[0;32mI (92) boot: End of partition table[0m
[0;32mI (96) esp_image: segment 0: paddr=00010020 vaddr=3c0c0020 size=2834ch (164684) map[0m
[0;32mI (134) esp_image: segment 1: paddr=00038374 vaddr=3fc9a700 size=04d70h ( 19824) load[0m
[0;32mI (138) esp_image: segment 2: paddr=0003d0ec vaddr=40374000 size=02f2ch ( 12076) load[0m
[0;32mI (142) esp_image: segment 3: paddr=00040020 vaddr=42000020 size=b3d48h (736584) map[0m
[0;32mI (280) esp_image: segment 4: paddr=000f3d70 vaddr=40376f2c size=136cch ( 79564) load[0m
[0;32mI (307) boot: Loaded app from partition at offset 0x10000[0m
[0;32mI (308) boot: Disabling RNG early entropy source...[0m
[0;32mI (319) cpu_start: Multicore app[0m
[0;32mI (319) octal_psram: vendor id    : 0x0d (AP)[0m
[0;32mI (320) octal_psram: dev id       : 0x02 (generation 3)[0m
[0;32mI (323) octal_psram: density      : 0x03 (64 Mbit)[0m
[0;32mI (328) octal_psram: good-die     : 0x01 (Pass)[0m
[0;32mI (333) octal_psram: Latency      : 0x01 (Fixed)[0m
[0;32mI (339) octal_psram: VCC          : 0x01 (3V)[0m
[0;32mI (344) octal_psram: SRF          : 0x01 (Fast Refresh)[0m
[0;32mI (350) octal_psram: BurstType    : 0x01 (Hybrid Wrap)[0m
[0;32mI (355) octal_psram: BurstLen     : 0x01 (32 Byte)[0m
[0;32mI (361) octal_psram: Readlatency  : 0x02 (10 cycles@Fixed)[0m
[0;32mI (367) octal_psram: DriveStrength: 0x00 (1/1)[0m
[0;32mI (373) MSPI Timing: PSRAM timing tuning index: 5[0m
[0;32mI (378) esp_psram: Found 8MB PSRAM device[0m
[0;32mI (382) esp_psram: Speed: 80MHz[0m
[0;32mI (467) mmu_psram: Instructions copied and mapped to SPIRAM[0m
[0;32mI (487) mmu_psram: Read only data copied and mapped to SPIRAM[0m
[0;32mI (487) cpu_start: Pro cpu up.[0m
[0;32mI (487) cpu_start: Starting app cpu, entry point is 0x403757ac[0m
[0;32mI (0) cpu_start: App cpu up.[0m
[0;32mI (892) esp_psram: SPI SRAM memory test OK[0m
[0;32mI (900) cpu_start: Pro cpu start user code[0m
[0;32mI (900) cpu_start: cpu freq: 240000000 Hz[0m
[0;32mI (901) cpu_start: Application information:[0m
[0;32mI (903) cpu_start: Project name:     shopify_display[0m
[0;32mI (909) cpu_start: App version:      56578fe-dirty[0m
[0;32mI (915) cpu_start: Compile time:     Dec 29 2023 20:24:40[0m
[0;32mI (921) cpu_start: ELF file SHA256:  6338a0b94353ac0e...[0m
[0;32mI (927) cpu_start: ESP-IDF:          v5.1.2-dirty[0m
[0;32mI (932) cpu_start: Min chip rev:     v0.0[0m
[0;32mI (937) cpu_start: Max chip rev:     v0.99 [0m
[0;32mI (942) cpu_start: Chip rev:         v0.1[0m
[0;32mI (946) heap_init: Initializing. RAM available for dynamic allocation:[0m
[0;32mI (954) heap_init: At 3FCA36B0 len 00046060 (280 KiB): DRAM[0m
[0;32mI (960) heap_init: At 3FCE9710 len 00005724 (21 KiB): STACK/DRAM[0m
[0;32mI (966) heap_init: At 3FCF0000 len 00008000 (32 KiB): DRAM[0m
[0;32mI (973) heap_init: At 600FE010 len 00001FD8 (7 KiB): RTCRAM[0m
[0;32mI (979) esp_psram: Adding pool of 7232K of PSRAM memory to heap allocator[0m
[0;32mI (987) spi_flash: detected chip: generic[0m
[0;32mI (991) spi_flash: flash io: dio[0m
[0;32mI (995) sleep: Configure to isolate all GPIO pins in sleep state[0m
[0;32mI (1002) sleep: Enable automatic switching of GPIO sleep configuration[0m
[0;32mI (1009) app_start: Starting scheduler on CPU0[0m
[0;32mI (1014) app_start: Starting scheduler on CPU1[0m
[0;32mI (1014) main_task: Started on CPU0[0m
[0;32mI (1024) esp_psram: Reserving pool of 32K of internal memory for DMA/internal allocations[0m
[0;32mI (1034) main_task: Calling app_main()[0m
[0;32mI (1044) sensorTask.c: Enable request timer[0m
[0;32mI (1044) GUI: Turn off LCD backlight[0m
[0;32mI (1044) pp: pp rom version: e7ae62f[0m
[0;32mI (1044) gpio: GPIO[45]| InputEn: 0| OutputEn: 1| OpenDrain: 0| Pullup: 0| Pulldown: 0| Intr:0 [0m
[0;32mI (1054) net80211: net80211 rom version: e7ae62f[0m
[0;32mI (1064) GUI: Install RGB LCD panel driver[0m
I (1074) wifi:wifi driver task: 3fcbcda8, prio:23, stack:6656, core=0
I (1084) wifi:wifi firmware version: 91b9630
I (1084) wifi:wifi certification version: v7.0
I (1084) wifi:config NVS flash: enabled
I (1084) wifi:config nano formating: disabled
I (1094) wifi:Init data frame dynamic rx buffer num: 32
D (1094) lcd_panel.rgb: new rgb panel(0) @0x3fca88b4, num_fbs=1, fb_size=768000, bb0 @0x0, bb1 @0x0, bb_size=0[0m
I (1094) wifi:D (1104) lcd_panel.rgb: fb[0] @0x3c0f09c0[0m
Init static rx mgmt buffer num: 5[0;32mI (1114) GUI: Register event callbacks[0m

[0;31mE (1124) lcd_panel.rgb: esp_lcd_rgb_panel_register_event_callbacks(358): on_vsync callback not in IRAM[0m
ESP_ERROR_CHECK failed: esp_err_t 0x102 (ESP_ERR_INVALID_ARG) at 0x4200a617
file: "./main/gui.c" line 194
func: guiTask
expression: esp_lcd_rgb_panel_register_event_callbacks(panel_handle, &cbs, &disp_drv)

abort() was called at PC 0x4037ef33 on core 1


Backtrace: 0x40375d4a:0x3fcb79b0 0x4037ef3d:0x3fcb79d0 0x40386626:0x3fcb79f0 0x4037ef33:0x3fcb7a60 0x4200a617:0x3fcb7a90 0x40381959:0x3fcb7bf0




ELF file SHA256: 6338a0b94353ac0e

Rebooting...
ESP-ROM:esp32s3-20210327
Build:Mar 27 2021
rst:0x3 (RTC_SW_SYS_RST),boot:0x8 (SPI_FAST_FLASH_BOOT)
Saved PC:0x42008fb1
SPIWP:0xee
mode:DIO, clock div:1
load:0x3fce3818,len:0x1758
load:0x403c9700,len:0x4
load:0x403c9704,len:0xc00
load:0x403cc700,len:0x2e04
entry 0x403c9908
[0;32mI (31) boot: ESP-IDF v5.1.2-dirty 2nd stage bootloader[0m
[0;32mI (31) boot: compile time Dec 29 2023 20:24:44[0m
[0;32mI (31) boot: Multicore bootloader[0m
[0;32mI (35) boot: chip revision: v0.1[0m
[0;32mI (39) boot.esp32s3: Boot SPI Speed : 80MHz[0m
[0;32mI (43) boot.esp32s3: SPI Mode       : DIO[0m
[0;32mI (48) boot.esp32s3: SPI Flash Size : 16MB[0m
[0;32mI (53) boot: Enabling RNG early entropy source...[0m
[0;32mI (58) boot: Partition Table:[0m
[0;32mI (62) boot: ## Label            Usage          Type ST Offset   Length[0m
[0;32mI (69) boot:  0 nvs              WiFi data        01 02 00009000 00006000[0m
[0;32mI (77) boot:  1 phy_init         RF data          01 01 0000f000 00001000[0m
[0;32mI (84) boot:  2 factory          factory app      00 00 00010000 00177000[0m
[0;32mI (92) boot: End of partition table[0m
[0;32mI (96) esp_image: segment 0: paddr=00010020 vaddr=3c0c0020 size=2834ch (164684) map[0m
[0;32mI (134) esp_image: segment 1: paddr=00038374 vaddr=3fc9a700 size=04d70h ( 19824) load[0m
[0;32mI (138) esp_image: segment 2: paddr=0003d0ec vaddr=40374000 size=02f2ch ( 12076) load[0m
[0;32mI (142) esp_image: segment 3: paddr=00040020 vaddr=42000020 size=b3d48h (736584) map[0m
[0;32mI (280) esp_image: segment 4: paddr=000f3d70 vaddr=40376f2c size=136cch ( 79564) load[0m
[0;32mI (307) boot: Loaded app from partition at offset 0x10000[0m
[0;32mI (308) boot: Disabling RNG early entropy source...[0m
[0;32mI (319) cpu_start: Multicore app[0m
[0;32mI (319) octal_psram: vendor id    : 0x0d (AP)[0m
[0;32mI (320) octal_psram: dev id       : 0x02 (generation 3)[0m
[0;32mI (323) octal_psram: density      : 0x03 (64 Mbit)[0m
[0;32mI (328) octal_psram: good-die     : 0x01 (Pass)[0m
[0;32mI (333) octal_psram: Latency      : 0x01 (Fixed)[0m
[0;32mI (339) octal_psram: VCC          : 0x01 (3V)[0m
[0;32mI (344) octal_psram: SRF          : 0x01 (Fast Refresh)[0m
[0;32mI (350) octal_psram: BurstType    : 0x01 (Hybrid Wrap)[0m
[0;32mI (355) octal_psram: BurstLen     : 0x01 (32 Byte)[0m
[0;32mI (361) octal_psram: Readlatency  : 0x02 (10 cycles@Fixed)[0m
[0;32mI (367) octal_psram: DriveStrength: 0x00 (1/1)[0m
[0;32mI (373) MSPI Timing: PSRAM timing tuning index: 5[0m
[0;32mI (378) esp_psram: Found 8MB PSRAM device[0m
[0;32mI (382) esp_psram: Speed: 80MHz[0m
[0;32mI (467) mmu_psram: Instructions copied and mapped to SPIRAM[0m
[0;32mI (487) mmu_psram: Read only data copied and mapped to SPIRAM[0m
[0;32mI (487) cpu_start: Pro cpu up.[0m
[0;32mI (487) cpu_start: Starting app cpu, entry point is 0x403757ac[0m
[0;32mI (0) cpu_start: App cpu up.[0m
[0;32mI (892) esp_psram: SPI SRAM memory test OK[0m
[0;32mI (900) cpu_start: Pro cpu start user code[0m
[0;32mI (900) cpu_start: cpu freq: 240000000 Hz[0m
[0;32mI (901) cpu_start: Application information:[0m
[0;32mI (903) cpu_start: Project name:     shopify_display[0m
[0;32mI (909) cpu_start: App version:      56578fe-dirty[0m
[0;32mI (915) cpu_start: Compile time:     Dec 29 2023 20:24:40[0m
[0;32mI (921) cpu_start: ELF file SHA256:  6338a0b94353ac0e...[0m
[0;32mI (927) cpu_start: ESP-IDF:          v5.1.2-dirty[0m
[0;32mI (932) cpu_start: Min chip rev:     v0.0[0m
[0;32mI (937) cpu_start: Max chip rev:     v0.99 [0m
[0;32mI (942) cpu_start: Chip rev:         v0.1[0m
[0;32mI (946) heap_init: Initializing. RAM available for dynamic allocation:[0m
[0;32mI (954) heap_init: At 3FCA36B0 len 00046060 (280 KiB): DRAM[0m
[0;32mI (960) heap_init: At 3FCE9710 len 00005724 (21 KiB): STACK/DRAM[0m
[0;32mI (966) heap_init: At 3FCF0000 len 00008000 (32 KiB): DRAM[0m
[0;32mI (973) heap_init: At 600FE010 len 00001FD8 (7 KiB): RTCRAM[0m
[0;32mI (979) esp_psram: Adding pool of 7232K of PSRAM memory to heap allocator[0m
[0;32mI (987) spi_flash: detected chip: generic[0m
[0;32mI (991) spi_flash: flash io: dio[0m
[0;32mI (995) sleep: Configure to isolate all GPIO pins in sleep state[0m
[0;32mI (1002) sleep: Enable automatic switching of GPIO sleep configuration[0m
[0;32mI (1009) app_start: Starting scheduler on CPU0[0m
[0;32mI (1014) app_start: Starting scheduler on CPU1[0m
[0;32mI (1014) main_task: Started on CPU0[0m
[0;32mI (1024) esp_psram: Reserving pool of 32K of internal memory for DMA/internal allocations[0m
[0;32mI (1034) main_task: Calling app_main()[0m
[0;32mI (1044) sensorTask.c: Enable request timer[0m
[0;32mI (1044) GUI: Turn off LCD backlight[0m
[0;32mI (1044) pp: pp rom version: e7ae62f[0m
[0;32mI (1044) gpio: GPIO[45]| InputEn: 0| OutputEn: 1| OpenDrain: 0| Pullup: 0| Pulldown: 0| Intr:0 [0m
[0;32mI (1054) net80211: net80211 rom version: e7ae62f[0m
[0;32mI (1064) GUI: Install RGB LCD panel driver[0m
I (1074) wifi:wifi driver task: 3fcbcda8, prio:23, stack:6656, core=0
I (1084) wifi:wifi firmware version: 91b9630
I (1084) wifi:wifi certification version: v7.0
I (1084) wifi:config NVS flash: enabled
I (1084) wifi:config nano formating: disabled
I (1094) wifi:Init data frame dynamic rx buffer num: 32
D (1094) lcd_panel.rgb: new rgb panel(0) @0x3fca88b4, num_fbs=1, fb_size=768000, bb0 @0x0, bb1 @0x0, bb_size=0[0m
I (1094) wifi:D (1104) lcd_panel.rgb: fb[0] @0x3c0f09c0[0m
Init static rx mgmt buffer num: 5[0;32mI (1114) GUI: Register event callbacks[0m

[0;31mE (1124) lcd_panel.rgb: esp_lcd_rgb_panel_register_event_callbacks(358): on_vsync callback not in IRAM[0m
ESP_ERROR_CHECK failed: esp_err_t 0x102 (ESP_ERR_INVALID_ARG) at 0x4200a617
file: "./main/gui.c" line 194
func: guiTask
expression: esp_lcd_rgb_panel_register_event_callbacks(panel_handle, &cbs, &disp_drv)

abort() was called at PC 0x4037ef33 on core 1


Backtrace: 0x40375d4a:0x3fcb79b0 0x4037ef3d:0x3fcb79d0 0x40386626:0x3fcb79f0 0x4037ef33:0x3fcb7a60 0x4200a617:0x3fcb7a90 0x40381959:0x3fcb7bf0




ELF file SHA256: 6338a0b94353ac0e

Rebooting...
ESP-ROM:esp32s3-20210327
Build:Mar 27 2021
rst:0x3 (RTC_SW_SYS_RST),boot:0x8 (SPI_FAST_FLASH_BOOT)
Saved PC:0x42008fb3
SPIWP:0xee
mode:DIO, clock div:1
load:0x3fce3818,len:0x1758
load:0x403c9700,len:0x4
load:0x403c9704,len:0xc00
load:0x403cc700,len:0x2e04
entry 0x403c9908
[0;32mI (31) boot: ESP-IDF v5.1.2-dirty 2nd stage bootloader[0m
[0;32mI (31) boot: compile time Dec 29 2023 20:24:44[0m
[0;32mI (31) boot: Multicore bootloader[0m
[0;32mI (35) boot: chip revision: v0.1[0m
[0;32mI (39) boot.esp32s3: Boot SPI Speed : 80MHz[0m
[0;32mI (43) boot.esp32s3: SPI Mode       : DIO[0m
[0;32mI (48) boot.esp32s3: SPI Flash Size : 16MB[0m
[0;32mI (53) boot: Enabling RNG early entropy source...[0m
[0;32mI (58) boot: Partition Table:[0m
[0;32mI (62) boot: ## Label            Usage          Type ST Offset   Length[0m
[0;32mI (69) boot:  0 nvs              WiFi data        01 02 00009000 00006000[0m
[0;32mI (77) boot:  1 phy_init         RF data          01 01 0000f000 00001000[0m
[0;32mI (84) boot:  2 factory          factory app      00 00 00010000 00177000[0m
[0;32mI (92) boot: End of partition table[0m
[0;32mI (96) esp_image: segment 0: paddr=00010020 vaddr=3c0c0020 size=2834ch (164684) map[0m
[0;32mI (134) esp_image: segment 1: paddr=00038374 vaddr=3fc9a700 size=04d70h ( 19824) load[0m
[0;32mI (138) esp_image: segment 2: paddr=0003d0ec vaddr=40374000 size=02f2ch ( 12076) load[0m
[0;32mI (142) esp_image: segment 3: paddr=00040020 vaddr=42000020 size=b3d48h (736584) map[0m
[0;32mI (280) esp_image: segment 4: paddr=000f3d70 vaddr=40376f2c size=136cch ( 79564) load[0m
[0;32mI (307) boot: Loaded app from partition at offset 0x10000[0m
[0;32mI (308) boot: Disabling RNG early entropy source...[0m
[0;32mI (319) cpu_start: Multicore app[0m
[0;32mI (319) octal_psram: vendor id    : 0x0d (AP)[0m
[0;32mI (320) octal_psram: dev id       : 0x02 (generation 3)[0m
[0;32mI (323) octal_psram: density      : 0x03 (64 Mbit)[0m
[0;32mI (328) octal_psram: good-die     : 0x01 (Pass)[0m
[0;32mI (333) octal_psram: Latency      : 0x01 (Fixed)[0m
[0;32mI (339) octal_psram: VCC          : 0x01 (3V)[0m
[0;32mI (344) octal_psram: SRF          : 0x01 (Fast Refresh)[0m
[0;32mI (350) octal_psram: BurstType    : 0x01 (Hybrid Wrap)[0m
[0;32mI (355) octal_psram: BurstLen     : 0x01 (32 Byte)[0m
[0;32mI (361) octal_psram: Readlatency  : 0x02 (10 cycles@Fixed)[0m
[0;32mI (367) octal_psram: DriveStrength: 0x00 (1/1)[0m
[0;32mI (373) MSPI Timing: PSRAM timing tuning index: 5[0m
[0;32mI (378) esp_psram: Found 8MB PSRAM device[0m
[0;32mI (382) esp_psram: Speed: 80MHz[0m
[0;32mI (467) mmu_psram: Instructions copied and mapped to SPIRAM[0m
[0;32mI (487) mmu_psram: Read only data copied and mapped to SPIRAM[0m
[0;32mI (487) cpu_start: Pro cpu up.[0m
[0;32mI (487) cpu_start: Starting app cpu, entry point is 0x403757ac[0m
[0;32mI (0) cpu_start: App cpu up.[0m
[0;32mI (892) esp_psram: SPI SRAM memory test OK[0m
[0;32mI (900) cpu_start: Pro cpu start user code[0m
[0;32mI (900) cpu_start: cpu freq: 240000000 Hz[0m
[0;32mI (901) cpu_start: Application information:[0m
[0;32mI (903) cpu_start: Project name:     shopify_display[0m
[0;32mI (909) cpu_start: App version:      56578fe-dirty[0m
[0;32mI (915) cpu_start: Compile time:     Dec 29 2023 20:24:40[0m
[0;32mI (921) cpu_start: ELF file SHA256:  6338a0b94353ac0e...[0m
[0;32mI (927) cpu_start: ESP-IDF:          v5.1.2-dirty[0m
[0;32mI (932) cpu_start: Min chip rev:     v0.0[0m
[0;32mI (937) cpu_start: Max chip rev:     v0.99 [0m
[0;32mI (942) cpu_start: Chip rev:         v0.1[0m
[0;32mI (946) heap_init: Initializing. RAM available for dynamic allocation:[0m
[0;32mI (954) heap_init: At 3FCA36B0 len 00046060 (280 KiB): DRAM[0m
[0;32mI (960) heap_init: At 3FCE9710 len 00005724 (21 KiB): STACK/DRAM[0m
[0;32mI (966) heap_init: At 3FCF0000 len 00008000 (32 KiB): DRAM[0m
[0;32mI (973) heap_init: At 600FE010 len 00001FD8 (7 KiB): RTCRAM[0m
[0;32mI (979) esp_psram: Adding pool of 7232K of PSRAM memory to heap allocator[0m
[0;32mI (987) spi_flash: detected chip: generic[0m
[0;32mI (991) spi_flash: flash io: dio[0m
[0;32mI (995) sleep: Configure to isolate all GPIO pins in sleep state[0m
[0;32mI (1002) sleep: Enable automatic switching of GPIO sleep configuration[0m
[0;32mI (1009) app_start: Starting scheduler on CPU0[0m
[0;32mI (1014) app_start: Starting scheduler on CPU1[0m
[0;32mI (1014) main_task: Started on CPU0[0m
[0;32mI (1024) esp_psram: Reserving pool of 32K of internal memory for DMA/internal allocations[0m
[0;32mI (1034) main_task: Calling app_main()[0m
[0;32mI (1044) sensorTask.c: Enable request timer[0m
[0;32mI (1044) GUI: Turn off LCD backlight[0m
[0;32mI (1044) pp: pp rom version: e7ae62f[0m
[0;32mI (1044) gpio: GPIO[45]| InputEn: 0| OutputEn: 1| OpenDrain: 0| Pullup: 0| Pulldown: 0| Intr:0 [0m
[0;32mI (1054) net80211: net80211 rom version: e7ae62f[0m
[0;32mI (1064) GUI: Install RGB LCD panel driver[0m
I (1074) wifi:wifi driver task: 3fcbcda8, prio:23, stack:6656, core=0
I (1084) wifi:wifi firmware version: 91b9630
I (1084) wifi:wifi certification version: v7.0
I (1084) wifi:config NVS flash: enabled
I (1084) wifi:config nano formating: disabled
I (1094) wifi:Init data frame dynamic rx buffer num: 32
D (1094) lcd_panel.rgb: new rgb panel(0) @0x3fca88b4, num_fbs=1, fb_size=768000, bb0 @0x0, bb1 @0x0, bb_size=0[0m
I (1094) wifi:D (1104) lcd_panel.rgb: fb[0] @0x3c0f09c0[0m
Init static rx mgmt buffer num: 5[0;32mI (1114) GUI: Register event callbacks[0m

[0;31mE (1124) lcd_panel.rgb: esp_lcd_rgb_panel_register_event_callbacks(358): on_vsync callback not in IRAM[0m
ESP_ERROR_CHECK failed: esp_err_t 0x102 (ESP_ERR_INVALID_ARG) at 0x4200a617
file: "./main/gui.c" line 194
func: guiTask
expression: esp_lcd_rgb_panel_register_event_callbacks(panel_handle, &cbs, &disp_drv)

abort() was called at PC 0x4037ef33 on core 1


Backtrace: 0x40375d4a:0x3fcb79b0 0x4037ef3d:0x3fcb79d0 0x40386626:0x3fcb79f0 0x4037ef33:0x3fcb7a60 0x4200a617:0x3fcb7a90 0x40381959:0x3fcb7bf0




ELF file SHA256: 6338a0b94353ac0e

Rebooting...
ESP-ROM:esp32s3-20210327
Build:Mar 27 2021
rst:0x3 (RTC_SW_SYS_RST),boot:0x8 (SPI_FAST_FLASH_BOOT)
Saved PC:0x42008fb1
SPIWP:0xee
mode:DIO, clock div:1
load:0x3fce3818,len:0x1758
load:0x403c9700,len:0x4
load:0x403c9704,len:0xc00
load:0x403cc700,len:0x2e04
entry 0x403c9908
[0;32mI (31) boot: ESP-IDF v5.1.2-dirty 2nd stage bootloader[0m
[0;32mI (31) boot: compile time Dec 29 2023 20:24:44[0m
[0;32mI (31) boot: Multicore bootloader[0m
[0;32mI (35) boot: chip revision: v0.1[0m
[0;32mI (39) boot.esp32s3: Boot SPI Speed : 80MHz[0m
[0;32mI (43) boot.esp32s3: SPI Mode       : DIO[0m
[0;32mI (48) boot.esp32s3: SPI Flash Size : 16MB[0m
[0;32mI (53) boot: Enabling RNG early entropy source...[0m
[0;32mI (58) boot: Partition Table:[0m
[0;32mI (62) boot: ## Label            Usage          Type ST Offset   Length[0m
[0;32mI (69) boot:  0 nvs              WiFi data        01 02 00009000 00006000[0m
[0;32mI (77) boot:  1 phy_init         RF data          01 01 0000f000 00001000[0m
[0;32mI (84) boot:  2 factory          factory app      00 00 00010000 00177000[0m
[0;32mI (92) boot: End of partition table[0m
[0;32mI (96) esp_image: segment 0: paddr=00010020 vaddr=3c0c0020 size=2834ch (164684) map[0m
[0;32mI (134) esp_image: segment 1: paddr=00038374 vaddr=3fc9a700 size=04d70h ( 19824) load[0m
[0;32mI (138) esp_image: segment 2: paddr=0003d0ec vaddr=40374000 size=02f2ch ( 12076) load[0m
[0;32mI (142) esp_image: segment 3: paddr=00040020 vaddr=42000020 size=b3d48h (736584) map[0m
[0;32mI (280) esp_image: segment 4: paddr=000f3d70 vaddr=40376f2c size=136cch ( 79564) load[0m
[0;32mI (307) boot: Loaded app from partition at offset 0x10000[0m
[0;32mI (308) boot: Disabling RNG early entropy source...[0m
[0;32mI (319) cpu_start: Multicore app[0m
[0;32mI (319) octal_psram: vendor id    : 0x0d (AP)[0m
[0;32mI (320) octal_psram: dev id       : 0x02 (generation 3)[0m
[0;32mI (323) octal_psram: density      : 0x03 (64 Mbit)[0m
[0;32mI (328) octal_psram: good-die     : 0x01 (Pass)[0m
[0;32mI (333) octal_psram: Latency      : 0x01 (Fixed)[0m
[0;32mI (339) octal_psram: VCC          : 0x01 (3V)[0m
[0;32mI (344) octal_psram: SRF          : 0x01 (Fast Refresh)[0m
[0;32mI (350) octal_psram: BurstType    : 0x01 (Hybrid Wrap)[0m
[0;32mI (355) octal_psram: BurstLen     : 0x01 (32 Byte)[0m
[0;32mI (361) octal_psram: Readlatency  : 0x02 (10 cycles@Fixed)[0m
[0;32mI (367) octal_psram: DriveStrength: 0x00 (1/1)[0m
[0;32mI (373) MSPI Timing: PSRAM timing tuning index: 5[0m
[0;32mI (378) esp_psram: Found 8MB PSRAM device[0m
[0;32mI (382) esp_psram: Speed: 80MHz[0m
[0;32mI (467) mmu_psram: Instructions copied and mapped to SPIRAM[0m
[0;32mI (487) mmu_psram: Read only data copied and mapped to SPIRAM[0m
[0;32mI (487) cpu_start: Pro cpu up.[0m
[0;32mI (487) cpu_start: Starting app cpu, entry point is 0x403757ac[0m
[0;32mI (0) cpu_start: App cpu up.[0m
[0;32mI (892) esp_psram: SPI SRAM memory test OK[0m
[0;32mI (900) cpu_start: Pro cpu start user code[0m
[0;32mI (900) cpu_start: cpu freq: 240000000 Hz[0m
[0;32mI (901) cpu_start: Application information:[0m
[0;32mI (903) cpu_start: Project name:     shopify_display[0m
[0;32mI (909) cpu_start: App version:      56578fe-dirty[0m
[0;32mI (915) cpu_start: Compile time:     Dec 29 2023 20:24:40[0m
[0;32mI (921) cpu_start: ELF file SHA256:  6338a0b94353ac0e...[0m
[0;32mI (927) cpu_start: ESP-IDF:          v5.1.2-dirty[0m
[0;32mI (932) cpu_start: Min chip rev:     v0.0[0m
[0;32mI (937) cpu_start: Max chip rev:     v0.99 [0m
[0;32mI (942) cpu_start: Chip rev:         v0.1[0m
[0;32mI (946) heap_init: Initializing. RAM available for dynamic allocation:[0m
[0;32mI (954) heap_init: At 3FCA36B0 len 00046060 (280 KiB): DRAM[0m
[0;32mI (960) heap_init: At 3FCE9710 len 00005724 (21 KiB): STACK/DRAM[0m
[0;32mI (966) heap_init: At 3FCF0000 len 00008000 (32 KiB): DRAM[0m
[0;32mI (973) heap_init: At 600FE010 len 00001FD8 (7 KiB): RTCRAM[0m
[0;32mI (979) esp_psram: Adding pool of 7232K of PSRAM memory to heap allocator[0m
[0;32mI (987) spi_flash: detected chip: generic[0m
[0;32mI (991) spi_flash: flash io: dio[0m
[0;32mI (995) sleep: Configure to isolate all GPIO pins in sleep state[0m
[0;32mI (1002) sleep: Enable automatic switching of GPIO sleep configuration[0m
[0;32mI (1009) app_start: Starting scheduler on CPU0[0m
[0;32mI (1014) app_start: Starting scheduler on CPU1[0m
[0;32mI (1014) main_task: Started on CPU0[0m
[0;32mI (1024) esp_psram: Reserving pool of 32K of internal memory for DMA/internal allocations[0m
[0;32mI (1034) main_task: Calling app_main()[0m
[0;32mI (1044) sensorTask.c: Enable request timer[0m
[0;32mI (1044) GUI: Turn off LCD backlight[0m
[0;32mI (1044) pp: pp rom version: e7ae62f[0m
[0;32mI (1044) gpio: GPIO[45]| InputEn: 0| OutputEn: 1| OpenDrain: 0| Pullup: 0| Pulldown: 0| Intr:0 [0m
[0;32mI (1054) net80211: net80211 rom version: e7ae62f[0m
[0;32mI (1064) GUI: Install RGB LCD panel driver[0m
I (1074) wifi:wifi driver task: 3fcbcda8, prio:23, stack:6656, core=0
I (1084) wifi:wifi firmware version: 91b9630
I (1084) wifi:wifi certification version: v7.0
I (1084) wifi:config NVS flash: enabled
I (1084) wifi:config nano formating: disabled
I (1094) wifi:Init data frame dynamic rx buffer num: 32
D (1094) lcd_panel.rgb: new rgb panel(0) @0x3fca88b4, num_fbs=1, fb_size=768000, bb0 @0x0, bb1 @0x0, bb_size=0[0m
I (1094) wifi:D (1104) lcd_panel.rgb: fb[0] @0x3c0f09c0[0m
Init static rx mgmt buffer num: 5[0;32mI (1114) GUI: Register event callbacks[0m

[0;31mE (1124) lcd_panel.rgb: esp_lcd_rgb_panel_register_event_callbacks(358): on_vsync callback not in IRAM[0m
ESP_ERROR_CHECK failed: esp_err_t 0x102 (ESP_ERR_INVALID_ARG) at 0x4200a617
file: "./main/gui.c" line 194
func: guiTask
expression: esp_lcd_rgb_panel_register_event_callbacks(panel_handle, &cbs, &disp_drv)

abort() was called at PC 0x4037ef33 on core 1


Backtrace: 0x40375d4a:0x3fcb79b0 0x4037ef3d:0x3fcb79d0 0x40386626:0x3fcb79f0 0x4037ef33:0x3fcb7a60 0x4200a617:0x3fcb7a90 0x40381959:0x3fcb7bf0




ELF file SHA256: 6338a0b94353ac0e

Rebooting...
ESP-ROM:esp32s3-20210327
Build:Mar 27 2021
rst:0x3 (RTC_SW_SYS_RST),boot:0x8 (SPI_FAST_FLASH_BOOT)
Saved PC:0x42008fb3
SPIWP:0xee
mode:DIO, clock div:1
load:0x3fce3818,len:0x1758
load:0x403c9700,len:0x4
load:0x403c9704,len:0xc00
load:0x403cc700,len:0x2e04
entry 0x403c9908
[0;32mI (31) boot: ESP-IDF v5.1.2-dirty 2nd stage bootloader[0m
[0;32mI (31) boot: compile time Dec 29 2023 20:24:44[0m
[0;32mI (31) boot: Multicore bootloader[0m
[0;32mI (35) boot: chip revision: v0.1[0m
[0;32mI (39) boot.esp32s3: Boot SPI Speed : 80MHz[0m
[0;32mI (43) boot.esp32s3: SPI Mode       : DIO[0m
[0;32mI (48) boot.esp32s3: SPI Flash Size : 16MB[0m
[0;32mI (53) boot: Enabling RNG early entropy source...[0m
[0;32mI (58) boot: Partition Table:[0m
[0;32mI (62) boot: ## Label            Usage          Type ST Offset   Length[0m
[0;32mI (69) boot:  0 nvs              WiFi data        01 02 00009000 00006000[0m
[0;32mI (77) boot:  1 phy_init         RF data          01 01 0000f000 00001000[0m
[0;32mI (84) boot:  2 factory          factory app      00 00 00010000 00177000[0m
[0;32mI (92) boot: End of partition table[0m
[0;32mI (96) esp_image: segment 0: paddr=00010020 vaddr=3c0c0020 size=2834ch (164684) map[0m
[0;32mI (134) esp_image: segment 1: paddr=00038374 vaddr=3fc9a700 size=04d70h ( 19824) load[0m
[0;32mI (138) esp_image: segment 2: paddr=0003d0ec vaddr=40374000 size=02f2ch ( 12076) load[0m
[0;32mI (142) esp_image: segment 3: paddr=00040020 vaddr=42000020 size=b3d48h (736584) map[0m
[0;32mI (280) esp_image: segment 4: paddr=000f3d70 vaddr=40376f2c size=136cch ( 79564) load[0m
[0;32mI (307) boot: Loaded app from partition at offset 0x10000[0m
[0;32mI (308) boot: Disabling RNG early entropy source...[0m
[0;32mI (319) cpu_start: Multicore app[0m
[0;32mI (319) octal_psram: vendor id    : 0x0d (AP)[0m
[0;32mI (320) octal_psram: dev id       : 0x02 (generation 3)[0m
[0;32mI (323) octal_psram: density      : 0x03 (64 Mbit)[0m
[0;32mI (328) octal_psram: good-die     : 0x01 (Pass)[0m
[0;32mI (333) octal_psram: Latency      : 0x01 (Fixed)[0m
[0;32mI (339) octal_psram: VCC          : 0x01 (3V)[0m
[0;32mI (344) octal_psram: SRF          : 0x01 (Fast Refresh)[0m
[0;32mI (350) octal_psram: BurstType    : 0x01 (Hybrid Wrap)[0m
[0;32mI (355) octal_psram: BurstLen     : 0x01 (32 Byte)[0m
[0;32mI (361) octal_psram: Readlatency  : 0x02 (10 cycles@Fixed)[0m
[0;32mI (367) octal_psram: DriveStrength: 0x00 (1/1)[0m
[0;32mI (373) MSPI Timing: PSRAM timing tuning index: 5[0m
[0;32mI (378) esp_psram: Found 8MB PSRAM device[0m
[0;32mI (382) esp_psram: Speed: 80MHz[0m
[0;32mI (467) mmu_psram: Instructions copied and mapped to SPIRAM[0m
[0;32mI (487) mmu_psram: Read only data copied and mapped to SPIRAM[0m
[0;32mI (487) cpu_start: Pro cpu up.[0m
[0;32mI (487) cpu_start: Starting app cpu, entry point is 0x403757ac[0m
[0;32mI (0) cpu_start: App cpu up.[0m
[0;32mI (892) esp_psram: SPI SRAM memory test OK[0m
[0;32mI (900) cpu_start: Pro cpu start user code[0m
[0;32mI (900) cpu_start: cpu freq: 240000000 Hz[0m
[0;32mI (901) cpu_start: Application information:[0m
[0;32mI (903) cpu_start: Project name:     shopify_display[0m
[0;32mI (909) cpu_start: App version:      56578fe-dirty[0m
[0;32mI (915) cpu_start: Compile time:     Dec 29 2023 20:24:40[0m
[0;32mI (921) cpu_start: ELF file SHA256:  6338a0b94353ac0e...[0m
[0;32mI (927) cpu_start: ESP-IDF:          v5.1.2-dirty[0m
[0;32mI (932) cpu_start: Min chip rev:     v0.0[0m
[0;32mI (937) cpu_start: Max chip rev:     v0.99 [0m
[0;32mI (942) cpu_start: Chip rev:         v0.1[0m
[0;32mI (946) heap_init: Initializing. RAM available for dynamic allocation:[0m
[0;32mI (954) heap_init: At 3FCA36B0 len 00046060 (280 KiB): DRAM[0m
[0;32mI (960) heap_init: At 3FCE9710 len 00005724 (21 KiB): STACK/DRAM[0m
[0;32mI (966) heap_init: At 3FCF0000 len 00008000 (32 KiB): DRAM[0m
[0;32mI (973) heap_init: At 600FE010 len 00001FD8 (7 KiB): RTCRAM[0m
[0;32mI (979) esp_psram: Adding pool of 7232K of PSRAM memory to heap allocator[0m
[0;32mI (987) spi_flash: detected chip: generic[0m
[0;32mI (991) spi_flash: flash io: dio[0m
[0;32mI (995) sleep: Configure to isolate all GPIO pins in sleep state[0m
[0;32mI (1002) sleep: Enable automatic switching of GPIO sleep configuration[0m
[0;32mI (1009) app_start: Starting scheduler on CPU0[0m
[0;32mI (1014) app_start: Starting scheduler on CPU1[0m
[0;32mI (1014) main_task: Started on CPU0[0m
[0;32mI (1024) esp_psram: Reserving pool of 32K of internal memory for DMA/internal allocations[0m
[0;32mI (1034) main_task: Calling app_main()[0m
[0;32mI (1044) sensorTask.c: Enable request timer[0m
[0;32mI (1044) GUI: Turn off LCD backlight[0m
[0;32mI (1044) pp: pp rom version: e7ae62f[0m
[0;32mI (1044) gpio: GPIO[45]| InputEn: 0| OutputEn: 1| OpenDrain: 0| Pullup: 0| Pulldown: 0| Intr:0 [0m
[0;32mI (1054) net80211: net80211 rom version: e7ae62f[0m
[0;32mI (1064) GUI: Install RGB LCD panel driver[0m
I (1074) wifi:wifi driver task: 3fcbcda8, prio:23, stack:6656, core=0
I (1084) wifi:wifi firmware version: 91b9630
I (1084) wifi:wifi certification version: v7.0
I (1084) wifi:config NVS flash: enabled
I (1084) wifi:config nano formating: disabled
I (1094) wifi:Init data frame dynamic rx buffer num: 32
D (1094) lcd_panel.rgb: new rgb panel(0) @0x3fca88b4, num_fbs=1, fb_size=768000, bb0 @0x0, bb1 @0x0, bb_size=0[0m
I (1094) wifi:D (1104) lcd_panel.rgb: fb[0] @0x3c0f09c0[0m
Init static rx mgmt buffer num: 5[0;32mI (1114) GUI: Register event callbacks[0m

[0;31mE (1124) lcd_panel.rgb: esp_lcd_rgb_panel_register_event_callbacks(358): on_vsync callback not in IRAM[0m
ESP_ERROR_CHECK failed: esp_err_t 0x102 (ESP_ERR_INVALID_ARG) at 0x4200a617
file: "./main/gui.c" line 194
func: guiTask
expression: esp_lcd_rgb_panel_register_event_callbacks(panel_handle, &cbs, &disp_drv)

abort() was called at PC 0x4037ef33 on core 1


Backtrace: 0x40375d4a:0x3fcb79b0 0x4037ef3d:0x3fcb79d0 0x40386626:0x3fcb79f0 0x4037ef33:0x3fcb7a60 0x4200a617:0x3fcb7a90 0x40381959:0x3fcb7bf0




ELF file SHA256: 6338a0b94353ac0e

Rebooting...
ESP-ROM:esp32s3-20210327
Build:Mar 27 2021
rst:0x3 (RTC_SW_SYS_RST),boot:0x8 (SPI_FAST_FLASH_BOOT)
Saved PC:0x42008fb1
SPIWP:0xee
mode:DIO, clock div:1
load:0x3fce3818,len:0x1758
load:0x403c9700,len:0x4
load:0x403c9704,len:0xc00
load:0x403cc700,len:0x2e04
entry 0x403c9908
[0;32mI (31) boot: ESP-IDF v5.1.2-dirty 2nd stage bootloader[0m
[0;32mI (31) boot: compile time Dec 29 2023 20:24:44[0m
[0;32mI (31) boot: Multicore bootloader[0m
[0;32mI (35) boot: chip revision: v0.1[0m
[0;32mI (39) boot.esp32s3: Boot SPI Speed : 80MHz[0m
[0;32mI (43) boot.esp32s3: SPI Mode       : DIO[0m
[0;32mI (48) boot.esp32s3: SPI Flash Size : 16MB[0m
[0;32mI (53) boot: Enabling RNG early entropy source...[0m
[0;32mI (58) boot: Partition Table:[0m
[0;32mI (62) boot: ## Label            Usage          Type ST Offset   Length[0m
[0;32mI (69) boot:  0 nvs              WiFi data        01 02 00009000 00006000[0m
[0;32mI (77) boot:  1 phy_init         RF data          01 01 0000f000 00001000[0m
[0;32mI (84) boot:  2 factory          factory app      00 00 00010000 00177000[0m
[0;32mI (92) boot: End of partition table[0m
[0;32mI (96) esp_image: segment 0: paddr=00010020 vaddr=3c0c0020 size=2834ch (164684) map[0m
[0;32mI (134) esp_image: segment 1: paddr=00038374 vaddr=3fc9a700 size=04d70h ( 19824) load[0m
[0;32mI (138) esp_image: segment 2: paddr=0003d0ec vaddr=40374000 size=02f2ch ( 12076) load[0m
[0;32mI (142) esp_image: segment 3: paddr=00040020 vaddr=42000020 size=b3d48h (736584) map[0m
[0;32mI (280) esp_image: segment 4: paddr=000f3d70 vaddr=40376f2c size=136cch ( 79564) load[0m
[0;32mI (307) boot: Loaded app from partition at offset 0x10000[0m
[0;32mI (308) boot: Disabling RNG early entropy source...[0m
[0;32mI (319) cpu_start: Multicore app[0m
[0;32mI (319) octal_psram: vendor id    : 0x0d (AP)[0m
[0;32mI (320) octal_psram: dev id       : 0x02 (generation 3)[0m
[0;32mI (323) octal_psram: density      : 0x03 (64 Mbit)[0m
[0;32mI (328) octal_psram: good-die     : 0x01 (Pass)[0m
[0;32mI (333) octal_psram: Latency      : 0x01 (Fixed)[0m
[0;32mI (339) octal_psram: VCC          : 0x01 (3V)[0m
[0;32mI (344) octal_psram: SRF          : 0x01 (Fast Refresh)[0m
[0;32mI (350) octal_psram: BurstType    : 0x01 (Hybrid Wrap)[0m
[0;32mI (355) octal_psram: BurstLen     : 0x01 (32 Byte)[0m
[0;32mI (361) octal_psram: Readlatency  : 0x02 (10 cycles@Fixed)[0m
[0;32mI (367) octal_psram: DriveStrength: 0x00 (1/1)[0m
[0;32mI (373) MSPI Timing: PSRAM timing tuning index: 5[0m
[0;32mI (378) esp_psram: Found 8MB PSRAM device[0m
[0;32mI (382) esp_psram: Speed: 80MHz[0m
[0;32mI (467) mmu_psram: Instructions copied and mapped to SPIRAM[0m
[0;32mI (487) mmu_psram: Read only data copied and mapped to SPIRAM[0m
[0;32mI (487) cpu_start: Pro cpu up.[0m
[0;32mI (487) cpu_start: Starting app cpu, entry point is 0x403757ac[0m
[0;32mI (0) cpu_start: App cpu up.[0m
[0;32mI (892) esp_psram: SPI SRAM memory test OK[0m
[0;32mI (900) cpu_start: Pro cpu start user code[0m
[0;32mI (900) cpu_start: cpu freq: 240000000 Hz[0m
[0;32mI (901) cpu_start: Application information:[0m
[0;32mI (903) cpu_start: Project name:     shopify_display[0m
[0;32mI (909) cpu_start: App version:      56578fe-dirty[0m
[0;32mI (915) cpu_start: Compile time:     Dec 29 2023 20:24:40[0m
[0;32mI (921) cpu_start: ELF file SHA256:  6338a0b94353ac0e...[0m
[0;32mI (927) cpu_start: ESP-IDF:          v5.1.2-dirty[0m
[0;32mI (932) cpu_start: Min chip rev:     v0.0[0m
[0;32mI (937) cpu_start: Max chip rev:     v0.99 [0m
[0;32mI (942) cpu_start: Chip rev:         v0.1[0m
[0;32mI (946) heap_init: Initializing. RAM available for dynamic allocation:[0m
[0;32mI (954) heap_init: At 3FCA36B0 len 00046060 (280 KiB): DRAM[0m
[0;32mI (960) heap_init: At 3FCE9710 len 00005724 (21 KiB): STACK/DRAM[0m
[0;32mI (966) heap_init: At 3FCF0000 len 00008000 (32 KiB): DRAM[0m
[0;32mI (973) heap_init: At 600FE010 len 00001FD8 (7 KiB): RTCRAM[0m
[0;32mI (979) esp_psram: Adding pool of 7232K of PSRAM memory to heap allocator[0m
[0;32mI (987) spi_flash: detected chip: generic[0m
[0;32mI (991) spi_flash: flash io: dio[0m
[0;32mI (995) sleep: Configure to isolate all GPIO pins in sleep state[0m
[0;32mI (1002) sleep: Enable automatic switching of GPIO sleep configuration[0m
[0;32mI (1009) app_start: Starting scheduler on CPU0[0m
[0;32mI (1014) app_start: Starting scheduler on CPU1[0m
[0;32mI (1014) main_task: Started on CPU0[0m
[0;32mI (1024) esp_psram: Reserving pool of 32K of internal memory for DMA/internal allocations[0m
[0;32mI (1034) main_task: Calling app_main()[0m
[0;32mI (1044) sensorTask.c: Enable request timer[0m
[0;32mI (1044) GUI: Turn off LCD backlight[0m
[0;32mI (1044) pp: pp rom version: e7ae62f[0m
[0;32mI (1044) gpio: GPIO[45]| InputEn: 0| OutputEn: 1| OpenDrain: 0| Pullup: 0| Pulldown: 0| Intr:0 [0m
[0;32mI (1054) net80211: net80211 rom version: e7ae62f[0m
[0;32mI (1064) GUI: Install RGB LCD panel driver[0m
I (1074) wifi:wifi driver task: 3fcbcda8, prio:23, stack:6656, core=0
I (1084) wifi:wifi firmware version: 91b9630
I (1084) wifi:wifi certification version: v7.0
I (1084) wifi:config NVS flash: enabled
I (1084) wifi:config nano formating: disabled
I (1094) wifi:Init data frame dynamic rx buffer num: 32
D (1094) lcd_panel.rgb: new rgb panel(0) @0x3fca88b4, num_fbs=1, fb_size=768000, bb0 @0x0, bb1 @0x0, bb_size=0[0m
I (1094) wifi:D (1104) lcd_panel.rgb: fb[0] @0x3c0f09c0[0m
Init static rx mgmt buffer num: 5[0;32mI (1114) GUI: Register event callbacks[0m

[0;31mE (1124) lcd_panel.rgb: esp_lcd_rgb_panel_register_event_callbacks(358): on_vsync callback not in IRAM[0m
ESP_ERROR_CHECK failed: esp_err_t 0x102 (ESP_ERR_INVALID_ARG) at 0x4200a617
file: "./main/gui.c" line 194
func: guiTask
expression: esp_lcd_rgb_panel_register_event_callbacks(panel_handle, &cbs, &disp_drv)

abort() was called at PC 0x4037ef33 on core 1


Backtrace: 0x40375d4a:0x3fcb79b0 0x4037ef3d:0x3fcb79d0 0x40386626:0x3fcb79f0 0x4037ef33:0x3fcb7a60 0x4200a617:0x3fcb7a90 0x40381959:0x3fcb7bf0




ELF file SHA256: 6338a0b94353ac0e

Rebooting...
ESP-ROM:esp32s3-20210327
Build:Mar 27 2021
rst:0x3 (RTC_SW_SYS_RST),boot:0x8 (SPI_FAST_FLASH_BOOT)
Saved PC:0x42008fb3
SPIWP:0xee
mode:DIO, clock div:1
load:0x3fce3818,len:0x1758
load:0x403c9700,len:0x4
load:0x403c9704,len:0xc00
load:0x403cc700,len:0x2e04
entry 0x403c9908
[0;32mI (31) boot: ESP-IDF v5.1.2-dirty 2nd stage bootloader[0m
[0;32mI (31) boot: compile time Dec 29 2023 20:24:44[0m
[0;32mI (31) boot: Multicore bootloader[0m
[0;32mI (35) boot: chip revision: v0.1[0m
[0;32mI (39) boot.esp32s3: Boot SPI Speed : 80MHz[0m
[0;32mI (43) boot.esp32s3: SPI Mode       : DIO[0m
[0;32mI (48) boot.esp32s3: SPI Flash Size : 16MB[0m
[0;32mI (53) boot: Enabling RNG early entropy source...[0m
[0;32mI (58) boot: Partition Table:[0m
[0;32mI (62) boot: ## Label            Usage          Type ST Offset   Length[0m
[0;32mI (69) boot:  0 nvs              WiFi data        01 02 00009000 00006000[0m
[0;32mI (77) boot:  1 phy_init         RF data          01 01 0000f000 00001000[0m
[0;32mI (84) boot:  2 factory          factory app      00 00 00010000 00177000[0m
[0;32mI (92) boot: End of partition table[0m
[0;32mI (96) esp_image: segment 0: paddr=00010020 vaddr=3c0c0020 size=2834ch (164684) map[0m
[0;32mI (134) esp_image: segment 1: paddr=00038374 vaddr=3fc9a700 size=04d70h ( 19824) load[0m
[0;32mI (138) esp_image: segment 2: paddr=0003d0ec vaddr=40374000 size=02f2ch ( 12076) load[0m
[0;32mI (142) esp_image: segment 3: paddr=00040020 vaddr=42000020 size=b3d48h (736584) map[0m
[0;32mI (280) esp_image: segment 4: paddr=000f3d70 vaddr=40376f2c size=136cch ( 79564) load[0m
[0;32mI (307) boot: Loaded app from partition at offset 0x10000[0m
[0;32mI (308) boot: Disabling RNG early entropy source...[0m
[0;32mI (319) cpu_start: Multicore app[0m
[0;32mI (319) octal_psram: vendor id    : 0x0d (AP)[0m
[0;32mI (320) octal_psram: dev id       : 0x02 (generation 3)[0m
[0;32mI (323) octal_psram: density      : 0x03 (64 Mbit)[0m
[0;32mI (328) octal_psram: good-die     : 0x01 (Pass)[0m
[0;32mI (333) octal_psram: Latency      : 0x01 (Fixed)[0m
[0;32mI (339) octal_psram: VCC          : 0x01 (3V)[0m
[0;32mI (344) octal_psram: SRF          : 0x01 (Fast Refresh)[0m
[0;32mI (350) octal_psram: BurstType    : 0x01 (Hybrid Wrap)[0m
[0;32mI (355) octal_psram: BurstLen     : 0x01 (32 Byte)[0m
[0;32mI (361) octal_psram: Readlatency  : 0x02 (10 cycles@Fixed)[0m
[0;32mI (367) octal_psram: DriveStrength: 0x00 (1/1)[0m
[0;32mI (373) MSPI Timing: PSRAM timing tuning index: 5[0m
[0;32mI (378) esp_psram: Found 8MB PSRAM device[0m
[0;32mI (382) esp_psram: Speed: 80MHz[0m
[0;32mI (467) mmu_psram: Instructions copied and mapped to SPIRAM[0m
[0;32mI (487) mmu_psram: Read only data copied and mapped to SPIRAM[0m
[0;32mI (487) cpu_start: Pro cpu up.[0m
[0;32mI (487) cpu_start: Starting app cpu, entry point is 0x403757ac[0m
[0;32mI (0) cpu_start: App cpu up.[0m
[0;32mI (892) esp_psram: SPI SRAM memory test OK[0m
[0;32mI (900) cpu_start: Pro cpu start user code[0m
[0;32mI (900) cpu_start: cpu freq: 240000000 Hz[0m
[0;32mI (901) cpu_start: Application information:[0m
[0;32mI (903) cpu_start: Project name:     shopify_display[0m
[0;32mI (909) cpu_start: App version:      56578fe-dirty[0m
[0;32mI (915) cpu_start: Compile time:     Dec 29 2023 20:24:40[0m
[0;32mI (921) cpu_start: ELF file SHA256:  6338a0b94353ac0e...[0m
[0;32mI (927) cpu_start: ESP-IDF:          v5.1.2-dirty[0m
[0;32mI (932) cpu_start: Min chip rev:     v0.0[0m
[0;32mI (937) cpu_start: Max chip rev:     v0.99 [0m
[0;32mI (942) cpu_start: Chip rev:         v0.1[0m
[0;32mI (946) heap_init: Initializing. RAM available for dynamic allocation:[0m
[0;32mI (954) heap_init: At 3FCA36B0 len 00046060 (280 KiB): DRAM[0m
[0;32mI (960) heap_init: At 3FCE9710 len 00005724 (21 KiB): STACK/DRAM[0m
[0;32mI (966) heap_init: At 3FCF0000 len 00008000 (32 KiB): DRAM[0m
[0;32mI (973) heap_init: At 600FE010 len 00001FD8 (7 KiB): RTCRAM[0m
[0;32mI (979) esp_psram: Adding pool of 7232K of PSRAM memory to heap allocator[0m
[0;32mI (987) spi_flash: detected chip: generic[0m
[0;32mI (991) spi_flash: flash io: dio[0m
[0;32mI (995) sleep: Configure to isolate all GPIO pins in sleep state[0m
[0;32mI (1002) sleep: Enable automatic switching of GPIO sleep configuration[0m
[0;32mI (1009) app_start: Starting scheduler on CPU0[0m
[0;32mI (1014) app_start: Starting scheduler on CPU1[0m
[0;32mI (1014) main_task: Started on CPU0[0m
[0;32mI (1024) esp_psram: Reserving pool of 32K of internal memory for DMA/internal allocations[0m
[0;32mI (1034) main_task: Calling app_main()[0m
[0;32mI (1044) sensorTask.c: Enable request timer[0m
[0;32mI (1044) GUI: Turn off LCD backlight[0m
[0;32mI (1044) pp: pp rom version: e7ae62f[0m
[0;32mI (1044) gpio: GPIO[45]| InputEn: 0| OutputEn: 1| OpenDrain: 0| Pullup: 0| Pulldown: 0| Intr:0 [0m
[0;32mI (1054) net80211: net80211 rom version: e7ae62f[0m
[0;32mI (1064) GUI: Install RGB LCD panel driver[0m
I (1074) wifi:wifi driver task: 3fcbcda8, prio:23, stack:6656, core=0
I (1084) wifi:wifi firmware version: 91b9630
I (1084) wifi:wifi certification version: v7.0
I (1084) wifi:config NVS flash: enabled
I (1084) wifi:config nano formating: disabled
I (1094) wifi:Init data frame dynamic rx buffer num: 32
D (1094) lcd_panel.rgb: new rgb panel(0) @0x3fca88b4, num_fbs=1, fb_size=768000, bb0 @0x0, bb1 @0x0, bb_size=0[0m
I (1094) wifi:D (1104) lcd_panel.rgb: fb[0] @0x3c0f09c0[0m
Init static rx mgmt buffer num: 5[0;32mI (1114) GUI: Register event callbacks[0m

[0;31mE (1124) lcd_panel.rgb: esp_lcd_rgb_panel_register_event_callbacks(358): on_vsync callback not in IRAM[0m
ESP_ERROR_CHECK failed: esp_err_t 0x102 (ESP_ERR_INVALID_ARG) at 0x4200a617
file: "./main/gui.c" line 194
func: guiTask
expression: esp_lcd_rgb_panel_register_event_callbacks(panel_handle, &cbs, &disp_drv)

abort() was called at PC 0x4037ef33 on core 1


Backtrace: 0x40375d4a:0x3fcb79b0 0x4037ef3d:0x3fcb79d0 0x40386626:0x3fcb79f0 0x4037ef33:0x3fcb7a60 0x4200a617:0x3fcb7a90 0x40381959:0x3fcb7bf0




ELF file SHA256: 6338a0b94353ac0e

Rebooting...
ESP-ROM:esp32s3-20210327
Build:Mar 27 2021
rst:0x3 (RTC_SW_SYS_RST),boot:0x8 (SPI_FAST_FLASH_BOOT)
Saved PC:0x42008fb3
SPIWP:0xee
mode:DIO, clock div:1
load:0x3fce3818,len:0x1758
load:0x403c9700,len:0x4
load:0x403c9704,len:0xc00
load:0x403cc700,len:0x2e04
entry 0x403c9908
[0;32mI (31) boot: ESP-IDF v5.1.2-dirty 2nd stage bootloader[0m
[0;32mI (31) boot: compile time Dec 29 2023 20:24:44[0m
[0;32mI (31) boot: Multicore bootloader[0m
[0;32mI (35) boot: chip revision: v0.1[0m
[0;32mI (39) boot.esp32s3: Boot SPI Speed : 80MHz[0m
[0;32mI (43) boot.esp32s3: SPI Mode       : DIO[0m
[0;32mI (48) boot.esp32s3: SPI Flash Size : 16MB[0m
[0;32mI (53) boot: Enabling RNG early entropy source...[0m
[0;32mI (58) boot: Partition Table:[0m
[0;32mI (62) boot: ## Label            Usage          Type ST Offset   Length[0m
[0;32mI (69) boot:  0 nvs              WiFi data        01 02 00009000 00006000[0m
[0;32mI (77) boot:  1 phy_init         RF data          01 01 0000f000 00001000[0m
[0;32mI (84) boot:  2 factory          factory app      00 00 00010000 00177000[0m
[0;32mI (92) boot: End of partition table[0m
[0;32mI (96) esp_image: segment 0: paddr=00010020 vaddr=3c0c0020 size=2834ch (164684) map[0m
[0;32mI (134) esp_image: segment 1: paddr=00038374 vaddr=3fc9a700 size=04d70h ( 19824) load[0m
[0;32mI (138) esp_image: segment 2: paddr=0003d0ec vaddr=40374000 size=02f2ch ( 12076) load[0m
[0;32mI (142) esp_image: segment 3: paddr=00040020 vaddr=42000020 size=b3d48h (736584) map[0m
[0;32mI (280) esp_image: segment 4: paddr=000f3d70 vaddr=40376f2c size=136cch ( 79564) load[0m
[0;32mI (307) boot: Loaded app from partition at offset 0x10000[0m
[0;32mI (308) boot: Disabling RNG early entropy source...[0m
[0;32mI (319) cpu_start: Multicore app[0m
[0;32mI (319) octal_psram: vendor id    : 0x0d (AP)[0m
[0;32mI (320) octal_psram: dev id       : 0x02 (generation 3)[0m
[0;32mI (323) octal_psram: density      : 0x03 (64 Mbit)[0m
[0;32mI (328) octal_psram: good-die     : 0x01 (Pass)[0m
[0;32mI (333) octal_psram: Latency      : 0x01 (Fixed)[0m
[0;32mI (339) octal_psram: VCC          : 0x01 (3V)[0m
[0;32mI (344) octal_psram: SRF          : 0x01 (Fast Refresh)[0m
[0;32mI (350) octal_psram: BurstType    : 0x01 (Hybrid Wrap)[0m
[0;32mI (355) octal_psram: BurstLen     : 0x01 (32 Byte)[0m
[0;32mI (361) octal_psram: Readlatency  : 0x02 (10 cycles@Fixed)[0m
[0;32mI (367) octal_psram: DriveStrength: 0x00 (1/1)[0m
[0;32mI (373) MSPI Timing: PSRAM timing tuning index: 5[0m
[0;32mI (378) esp_psram: Found 8MB PSRAM device[0m
[0;32mI (382) esp_psram: Speed: 80MHz[0m
[0;32mI (467) mmu_psram: Instructions copied and mapped to SPIRAM[0m
[0;32mI (487) mmu_psram: Read only data copied and mapped to SPIRAM[0m
[0;32mI (487) cpu_start: Pro cpu up.[0m
[0;32mI (487) cpu_start: Starting app cpu, entry point is 0x403757ac[0m
[0;32mI (0) cpu_start: App cpu up.[0m
[0;32mI (892) esp_psram: SPI SRAM memory test OK[0m
[0;32mI (900) cpu_start: Pro cpu start user code[0m
[0;32mI (900) cpu_start: cpu freq: 240000000 Hz[0m
[0;32mI (901) cpu_start: Application information:[0m
[0;32mI (903) cpu_start: Project name:     shopify_display[0m
[0;32mI (909) cpu_start: App version:      56578fe-dirty[0m
[0;32mI (915) cpu_start: Compile time:     Dec 29 2023 20:24:40[0m
[0;32mI (921) cpu_start: ELF file SHA256:  6338a0b94353ac0e...[0m
[0;32mI (927) cpu_start: ESP-IDF:          v5.1.2-dirty[0m
[0;32mI (932) cpu_start: Min chip rev:     v0.0[0m
[0;32mI (937) cpu_start: Max chip rev:     v0.99 [0m
[0;32mI (942) cpu_start: Chip rev:         v0.1[0m
[0;32mI (946) heap_init: Initializing. RAM available for dynamic allocation:[0m
[0;32mI (954) heap_init: At 3FCA36B0 len 00046060 (280 KiB): DRAM[0m
[0;32mI (960) heap_init: At 3FCE9710 len 00005724 (21 KiB): STACK/DRAM[0m
[0;32mI (966) heap_init: At 3FCF0000 len 00008000 (32 KiB): DRAM[0m
[0;32mI (973) heap_init: At 600FE010 len 00001FD8 (7 KiB): RTCRAM[0m
[0;32mI (979) esp_psram: Adding pool of 7232K of PSRAM memory to heap allocator[0m
[0;32mI (987) spi_flash: detected chip: generic[0m
[0;32mI (991) spi_flash: flash io: dio[0m
[0;32mI (995) sleep: Configure to isolate all GPIO pins in sleep state[0m
[0;32mI (1002) sleep: Enable automatic switching of GPIO sleep configuration[0m
[0;32mI (1009) app_start: Starting scheduler on CPU0[0m
[0;32mI (1014) app_start: Starting scheduler on CPU1[0m
[0;32mI (1014) main_task: Started on CPU0[0m
[0;32mI (1024) esp_psram: Reserving pool of 32K of internal memory for DMA/internal allocations[0m
[0;32mI (1034) main_task: Calling app_main()[0m
[0;32mI (1044) sensorTask.c: Enable request timer[0m
[0;32mI (1044) GUI: Turn off LCD backlight[0m
[0;32mI (1044) pp: pp rom version: e7ae62f[0m
[0;32mI (1044) gpio: GPIO[45]| InputEn: 0| OutputEn: 1| OpenDrain: 0| Pullup: 0| Pulldown: 0| Intr:0 [0m
[0;32mI (1054) net80211: net80211 rom version: e7ae62f[0m
[0;32mI (1064) GUI: Install RGB LCD panel driver[0m
I (1074) wifi:wifi driver task: 3fcbcda8, prio:23, stack:6656, core=0
I (1084) wifi:wifi firmware version: 91b9630
I (1084) wifi:wifi certification version: v7.0
I (1084) wifi:config NVS flash: enabled
I (1084) wifi:config nano formating: disabled
I (1094) wifi:Init data frame dynamic rx buffer num: 32
D (1094) lcd_panel.rgb: new rgb panel(0) @0x3fca88b4, num_fbs=1, fb_size=768000, bb0 @0x0, bb1 @0x0, bb_size=0[0m
I (1094) wifi:D (1104) lcd_panel.rgb: fb[0] @0x3c0f09c0[0m
Init static rx mgmt buffer num: 5[0;32mI (1114) GUI: Register event callbacks[0m

[0;31mE (1124) lcd_panel.rgb: esp_lcd_rgb_panel_register_event_callbacks(358): on_vsync callback not in IRAM[0m
ESP_ERROR_CHECK failed: esp_err_t 0x102 (ESP_ERR_INVALID_ARG) at 0x4200a617
file: "./main/gui.c" line 194
func: guiTask
expression: esp_lcd_rgb_panel_register_event_callbacks(panel_handle, &cbs, &disp_drv)

abort() was called at PC 0x4037ef33 on core 1


Backtrace: 0x40375d4a:0x3fcb79b0 0x4037ef3d:0x3fcb79d0 0x40386626:0x3fcb79f0 0x4037ef33:0x3fcb7a60 0x4200a617:0x3fcb7a90 0x40381959:0x3fcb7bf0




ELF file SHA256: 6338a0b94353ac0e

Rebooting...
ESP-ROM:esp32s3-20210327
Build:Mar 27 2021
rst:0x3 (RTC_SW_SYS_RST),boot:0x8 (SPI_FAST_FLASH_BOOT)
Saved PC:0x42008fb1
SPIWP:0xee
mode:DIO, clock div:1
load:0x3fce3818,len:0x1758
load:0x403c9700,len:0x4
load:0x403c9704,len:0xc00
load:0x403cc700,len:0x2e04
entry 0x403c9908
[0;32mI (31) boot: ESP-IDF v5.1.2-dirty 2nd stage bootloader[0m
[0;32mI (31) boot: compile time Dec 29 2023 20:24:44[0m
[0;32mI (31) boot: Multicore bootloader[0m
[0;32mI (35) boot: chip revision: v0.1[0m
[0;32mI (39) boot.esp32s3: Boot SPI Speed : 80MHz[0m
[0;32mI (43) boot.esp32s3: SPI Mode       : DIO[0m
[0;32mI (48) boot.esp32s3: SPI Flash Size : 16MB[0m
[0;32mI (53) boot: Enabling RNG early entropy source...[0m
[0;32mI (58) boot: Partition Table:[0m
[0;32mI (62) boot: ## Label            Usage          Type ST Offset   Length[0m
[0;32mI (69) boot:  0 nvs              WiFi data        01 02 00009000 00006000[0m
[0;32mI (77) boot:  1 phy_init         RF data          01 01 0000f000 00001000[0m
[0;32mI (84) boot:  2 factory          factory app      00 00 00010000 00177000[0m
[0;32mI (92) boot: End of partition table[0m
[0;32mI (96) esp_image: segment 0: paddr=00010020 vaddr=3c0c0020 size=2834ch (164684) map[0m
[0;32mI (134) esp_image: segment 1: paddr=00038374 vaddr=3fc9a700 size=04d70h ( 19824) load[0m
[0;32mI (138) esp_image: segment 2: paddr=0003d0ec vaddr=40374000 size=02f2ch ( 12076) load[0m
[0;32mI (142) esp_image: segment 3: paddr=00040020 vaddr=42000020 size=b3d48h (736584) map[0m
[0;32mI (280) esp_image: segment 4: paddr=000f3d70 vaddr=40376f2c size=136cch ( 79564) load[0m
[0;32mI (307) boot: Loaded app from partition at offset 0x10000[0m
[0;32mI (308) boot: Disabling RNG early entropy source...[0m
[0;32mI (319) cpu_start: Multicore app[0m
[0;32mI (319) octal_psram: vendor id    : 0x0d (AP)[0m
[0;32mI (320) octal_psram: dev id       : 0x02 (generation 3)[0m
[0;32mI (323) octal_psram: density      : 0x03 (64 Mbit)[0m
[0;32mI (328) octal_psram: good-die     : 0x01 (Pass)[0m
[0;32mI (333) octal_psram: Latency      : 0x01 (Fixed)[0m
[0;32mI (339) octal_psram: VCC          : 0x01 (3V)[0m
[0;32mI (344) octal_psram: SRF          : 0x01 (Fast Refresh)[0m
[0;32mI (350) octal_psram: BurstType    : 0x01 (Hybrid Wrap)[0m
[0;32mI (355) octal_psram: BurstLen     : 0x01 (32 Byte)[0m
[0;32mI (361) octal_psram: Readlatency  : 0x02 (10 cycles@Fixed)[0m
[0;32mI (367) octal_psram: DriveStrength: 0x00 (1/1)[0m
[0;32mI (373) MSPI Timing: PSRAM timing tuning index: 5[0m
[0;32mI (378) esp_psram: Found 8MB PSRAM device[0m
[0;32mI (382) esp_psram: Speed: 80MHz[0m
[0;32mI (467) mmu_psram: Instructions copied and mapped to SPIRAM[0m
[0;32mI (487) mmu_psram: Read only data copied and mapped to SPIRAM[0m
[0;32mI (487) cpu_start: Pro cpu up.[0m
[0;32mI (487) cpu_start: Starting app cpu, entry point is 0x403757ac[0m
[0;32mI (0) cpu_start: App cpu up.[0m
[0;32mI (892) esp_psram: SPI SRAM memory test OK[0m
[0;32mI (900) cpu_start: Pro cpu start user code[0m
[0;32mI (900) cpu_start: cpu freq: 240000000 Hz[0m
[0;32mI (901) cpu_start: Application information:[0m
[0;32mI (903) cpu_start: Project name:     shopify_display[0m
[0;32mI (909) cpu_start: App version:      56578fe-dirty[0m
[0;32mI (915) cpu_start: Compile time:     Dec 29 2023 20:24:40[0m
[0;32mI (921) cpu_start: ELF file SHA256:  6338a0b94353ac0e...[0m
[0;32mI (927) cpu_start: ESP-IDF:          v5.1.2-dirty[0m
[0;32mI (932) cpu_start: Min chip rev:     v0.0[0m
[0;32mI (937) cpu_start: Max chip rev:     v0.99 [0m
[0;32mI (942) cpu_start: Chip rev:         v0.1[0m
[0;32mI (946) heap_init: Initializing. RAM available for dynamic allocation:[0m
[0;32mI (954) heap_init: At 3FCA36B0 len 00046060 (280 KiB): DRAM[0m
[0;32mI (960) heap_init: At 3FCE9710 len 00005724 (21 KiB): STACK/DRAM[0m
[0;32mI (966) heap_init: At 3FCF0000 len 00008000 (32 KiB): DRAM[0m
[0;32mI (973) heap_init: At 600FE010 len 00001FD8 (7 KiB): RTCRAM[0m
[0;32mI (979) esp_psram: Adding pool of 7232K of PSRAM memory to heap allocator[0m
[0;32mI (987) spi_flash: detected chip: generic[0m
[0;32mI (991) spi_flash: flash io: dio[0m
[0;32mI (995) sleep: Configure to isolate all GPIO pins in sleep state[0m
[0;32mI (1002) sleep: Enable automatic switching of GPIO sleep configuration[0m
[0;32mI (1009) app_start: Starting scheduler on CPU0[0m
[0;32mI (1014) app_start: Starting scheduler on CPU1[0m
[0;32mI (1014) main_task: Started on CPU0[0m
[0;32mI (1024) esp_psram: Reserving pool of 32K of internal memory for DMA/internal allocations[0m
[0;32mI (1034) main_task: Calling app_main()[0m
[0;32mI (1044) sensorTask.c: Enable request timer[0m
[0;32mI (1044) GUI: Turn off LCD backlight[0m
[0;32mI (1044) pp: pp rom version: e7ae62f[0m
[0;32mI (1044) gpio: GPIO[45]| InputEn: 0| OutputEn: 1| OpenDrain: 0| Pullup: 0| Pulldown: 0| Intr:0 [0m
[0;32mI (1054) net80211: net80211 rom version: e7ae62f[0m
[0;32mI (1064) GUI: Install RGB LCD panel driver[0m
I (1074) wifi:wifi driver task: 3fcbcda8, prio:23, stack:6656, core=0
I (1084) wifi:wifi firmware version: 91b9630
I (1084) wifi:wifi certification version: v7.0
I (1084) wifi:config NVS flash: enabled
I (1084) wifi:config nano formating: disabled
I (1094) wifi:Init data frame dynamic rx buffer num: 32
D (1094) lcd_panel.rgb: new rgb panel(0) @0x3fca88b4, num_fbs=1, fb_size=768000, bb0 @0x0, bb1 @0x0, bb_size=0[0m
I (1094) wifi:D (1104) lcd_panel.rgb: fb[0] @0x3c0f09c0[0m
Init static rx mgmt buffer num: 5[0;32mI (1114) GUI: Register event callbacks[0m

[0;31mE (1124) lcd_panel.rgb: esp_lcd_rgb_panel_register_event_callbacks(358): on_vsync callback not in IRAM[0m
ESP_ERROR_CHECK failed: esp_err_t 0x102 (ESP_ERR_INVALID_ARG) at 0x4200a617
file: "./main/gui.c" line 194
func: guiTask
expression: esp_lcd_rgb_panel_register_event_callbacks(panel_handle, &cbs, &disp_drv)

abort() was called at PC 0x4037ef33 on core 1


Backtrace: 0x40375d4a:0x3fcb79b0 0x4037ef3d:0x3fcb79d0 0x40386626:0x3fcb79f0 0x4037ef33:0x3fcb7a60 0x4200a617:0x3fcb7a90 0x40381959:0x3fcb7bf0




ELF file SHA256: 6338a0b94353ac0e

Rebooting...
ESP-ROM:esp32s3-20210327
Build:Mar 27 2021
rst:0x3 (RTC_SW_SYS_RST),boot:0x8 (SPI_FAST_FLASH_BOOT)
Saved PC:0x42008fb3
SPIWP:0xee
mode:DIO, clock div:1
load:0x3fce3818,len:0x1758
load:0x403c9700,len:0x4
load:0x403c9704,len:0xc00
load:0x403cc700,len:0x2e04
entry 0x403c9908
[0;32mI (31) boot: ESP-IDF v5.1.2-dirty 2nd stage bootloader[0m
[0;32mI (31) boot: compile time Dec 29 2023 20:24:44[0m
[0;32mI (31) boot: Multicore bootloader[0m
[0;32mI (35) boot: chip revision: v0.1[0m
[0;32mI (39) boot.esp32s3: Boot SPI Speed : 80MHz[0m
[0;32mI (43) boot.esp32s3: SPI Mode       : DIO[0m
[0;32mI (48) boot.esp32s3: SPI Flash Size : 16MB[0m
[0;32mI (53) boot: Enabling RNG early entropy source...[0m
[0;32mI (58) boot: Partition Table:[0m
[0;32mI (62) boot: ## Label            Usage          Type ST Offset   Length[0m
[0;32mI (69) boot:  0 nvs              WiFi data        01 02 00009000 00006000[0m
[0;32mI (77) boot:  1 phy_init         RF data          01 01 0000f000 00001000[0m
[0;32mI (84) boot:  2 factory          factory app      00 00 00010000 00177000[0m
[0;32mI (92) boot: End of partition table[0m
[0;32mI (96) esp_image: segment 0: paddr=00010020 vaddr=3c0c0020 size=2834ch (164684) map[0m
[0;32mI (134) esp_image: segment 1: paddr=00038374 vaddr=3fc9a700 size=04d70h ( 19824) load[0m
[0;32mI (138) esp_image: segment 2: paddr=0003d0ec vaddr=40374000 size=02f2ch ( 12076) load[0m
[0;32mI (142) esp_image: segment 3: paddr=00040020 vaddr=42000020 size=b3d48h (736584) map[0m
[0;32mI (280) esp_image: segment 4: paddr=000f3d70 vaddr=40376f2c size=136cch ( 79564) load[0m
[0;32mI (307) boot: Loaded app from partition at offset 0x10000[0m
[0;32mI (308) boot: Disabling RNG early entropy source...[0m
[0;32mI (319) cpu_start: Multicore app[0m
[0;32mI (319) octal_psram: vendor id    : 0x0d (AP)[0m
[0;32mI (320) octal_psram: dev id       : 0x02 (generation 3)[0m
[0;32mI (323) octal_psram: density      : 0x03 (64 Mbit)[0m
[0;32mI (328) octal_psram: good-die     : 0x01 (Pass)[0m
[0;32mI (333) octal_psram: Latency      : 0x01 (Fixed)[0m
[0;32mI (339) octal_psram: VCC          : 0x01 (3V)[0m
[0;32mI (344) octal_psram: SRF          : 0x01 (Fast Refresh)[0m
[0;32mI (350) octal_psram: BurstType    : 0x01 (Hybrid Wrap)[0m
[0;32mI (355) octal_psram: BurstLen     : 0x01 (32 Byte)[0m
[0;32mI (361) octal_psram: Readlatency  : 0x02 (10 cycles@Fixed)[0m
[0;32mI (367) octal_psram: DriveStrength: 0x00 (1/1)[0m
[0;32mI (373) MSPI Timing: PSRAM timing tuning index: 5[0m
[0;32mI (378) esp_psram: Found 8MB PSRAM device[0m
[0;32mI (382) esp_psram: Speed: 80MHz[0m
[0;32mI (467) mmu_psram: Instructions copied and mapped to SPIRAM[0m
[0;32mI (487) mmu_psram: Read only data copied and mapped to SPIRAM[0m
[0;32mI (487) cpu_start: Pro cpu up.[0m
[0;32mI (487) cpu_start: Starting app cpu, entry point is 0x403757ac[0m
[0;32mI (0) cpu_start: App cpu up.[0m
[0;32mI (892) esp_psram: SPI SRAM memory test OK[0m
[0;32mI (900) cpu_start: Pro cpu start user code[0m
[0;32mI (900) cpu_start: cpu freq: 240000000 Hz[0m
[0;32mI (901) cpu_start: Application information:[0m
[0;32mI (903) cpu_start: Project name:     shopify_display[0m
[0;32mI (909) cpu_start: App version:      56578fe-dirty[0m
[0;32mI (915) cpu_start: Compile time:     Dec 29 2023 20:24:40[0m
[0;32mI (921) cpu_start: ELF file SHA256:  6338a0b94353ac0e...[0m
[0;32mI (927) cpu_start: ESP-IDF:          v5.1.2-dirty[0m
[0;32mI (932) cpu_start: Min chip rev:     v0.0[0m
[0;32mI (937) cpu_start: Max chip rev:     v0.99 [0m
[0;32mI (942) cpu_start: Chip rev:         v0.1[0m
[0;32mI (946) heap_init: Initializing. RAM available for dynamic allocation:[0m
[0;32mI (954) heap_init: At 3FCA36B0 len 00046060 (280 KiB): DRAM[0m
[0;32mI (960) heap_init: At 3FCE9710 len 00005724 (21 KiB): STACK/DRAM[0m
[0;32mI (966) heap_init: At 3FCF0000 len 00008000 (32 KiB): DRAM[0m
[0;32mI (973) heap_init: At 600FE010 len 00001FD8 (7 KiB): RTCRAM[0m
[0;32mI (979) esp_psram: Adding pool of 7232K of PSRAM memory to heap allocator[0m
[0;32mI (987) spi_flash: detected chip: generic[0m
[0;32mI (991) spi_flash: flash io: dio[0m
[0;32mI (995) sleep: Configure to isolate all GPIO pins in sleep state[0m
[0;32mI (1002) sleep: Enable automatic switching of GPIO sleep configuration[0m
[0;32mI (1009) app_start: Starting scheduler on CPU0[0m
[0;32mI (1014) app_start: Starting scheduler on CPU1[0m
[0;32mI (1014) main_task: Started on CPU0[0m
[0;32mI (1024) esp_psram: Reserving pool of 32K of internal memory for DMA/internal allocations[0m
[0;32mI (1034) main_task: Calling app_main()[0m
[0;32mI (1044) sensorTask.c: Enable request timer[0m
[0;32mI (1044) GUI: Turn off LCD backlight[0m
[0;32mI (1044) pp: pp rom version: e7ae62f[0m
[0;32mI (1044) gpio: GPIO[45]| InputEn: 0| OutputEn: 1| OpenDrain: 0| Pullup: 0| Pulldown: 0| Intr:0 [0m
[0;32mI (1054) net80211: net80211 rom version: e7ae62f[0m
[0;32mI (1064) GUI: Install RGB LCD panel driver[0m
I (1074) wifi:wifi driver task: 3fcbcda8, prio:23, stack:6656, core=0
I (1084) wifi:wifi firmware version: 91b9630
I (1084) wifi:wifi certification version: v7.0
I (1084) wifi:config NVS flash: enabled
I (1084) wifi:config nano formating: disabled
I (1094) wifi:Init data frame dynamic rx buffer num: 32
D (1094) lcd_panel.rgb: new rgb panel(0) @0x3fca88b4, num_fbs=1, fb_size=768000, bb0 @0x0, bb1 @0x0, bb_size=0[0m
I (1094) wifi:D (1104) lcd_panel.rgb: fb[0] @0x3c0f09c0[0m
Init static rx mgmt buffer num: 5[0;32mI (1114) GUI: Register event callbacks[0m

[0;31mE (1124) lcd_panel.rgb: esp_lcd_rgb_panel_register_event_callbacks(358): on_vsync callback not in IRAM[0m
ESP_ERROR_CHECK failed: esp_err_t 0x102 (ESP_ERR_INVALID_ARG) at 0x4200a617
file: "./main/gui.c" line 194
func: guiTask
expression: esp_lcd_rgb_panel_register_event_callbacks(panel_handle, &cbs, &disp_drv)

abort() was called at PC 0x4037ef33 on core 1


Backtrace: 0x40375d4a:0x3fcb79b0 0x4037ef3d:0x3fcb79d0 0x40386626:0x3fcb79f0 0x4037ef33:0x3fcb7a60 0x4200a617:0x3fcb7a90 0x40381959:0x3fcb7bf0




ELF file SHA256: 6338a0b94353ac0e

Rebooting...
ESP-ROM:esp32s3-20210327
Build:Mar 27 2021
rst:0x3 (RTC_SW_SYS_RST),boot:0x8 (SPI_FAST_FLASH_BOOT)
Saved PC:0x42008fb3
SPIWP:0xee
mode:DIO, clock div:1
load:0x3fce3818,len:0x1758
load:0x403c9700,len:0x4
load:0x403c9704,len:0xc00
load:0x403cc700,len:0x2e04
entry 0x403c9908
[0;32mI (31) boot: ESP-IDF v5.1.2-dirty 2nd stage bootloader[0m
[0;32mI (31) boot: compile time Dec 29 2023 20:24:44[0m
[0;32mI (31) boot: Multicore bootloader[0m
[0;32mI (35) boot: chip revision: v0.1[0m
[0;32mI (39) boot.esp32s3: Boot SPI Speed : 80MHz[0m
[0;32mI (43) boot.esp32s3: SPI Mode       : DIO[0m
[0;32mI (48) boot.esp32s3: SPI Flash Size : 16MB[0m
[0;32mI (53) boot: Enabling RNG early entropy source...[0m
[0;32mI (58) boot: Partition Table:[0m
[0;32mI (62) boot: ## Label            Usage          Type ST Offset   Length[0m
[0;32mI (69) boot:  0 nvs              WiFi data        01 02 00009000 00006000[0m
[0;32mI (77) boot:  1 phy_init         RF data          01 01 0000f000 00001000[0m
[0;32mI (84) boot:  2 factory          factory app      00 00 00010000 00177000[0m
[0;32mI (92) boot: End of partition table[0m
[0;32mI (96) esp_image: segment 0: paddr=00010020 vaddr=3c0c0020 size=2834ch (164684) map[0m
[0;32mI (134) esp_image: segment 1: paddr=00038374 vaddr=3fc9a700 size=04d70h ( 19824) load[0m
[0;32mI (138) esp_image: segment 2: paddr=0003d0ec vaddr=40374000 size=02f2ch ( 12076) load[0m
[0;32mI (142) esp_image: segment 3: paddr=00040020 vaddr=42000020 size=b3d48h (736584) map[0m
[0;32mI (280) esp_image: segment 4: paddr=000f3d70 vaddr=40376f2c size=136cch ( 79564) load[0m
[0;32mI (307) boot: Loaded app from partition at offset 0x10000[0m
[0;32mI (308) boot: Disabling RNG early entropy source...[0m
[0;32mI (319) cpu_start: Multicore app[0m
[0;32mI (319) octal_psram: vendor id    : 0x0d (AP)[0m
[0;32mI (320) octal_psram: dev id       : 0x02 (generation 3)[0m
[0;32mI (323) octal_psram: density      : 0x03 (64 Mbit)[0m
[0;32mI (328) octal_psram: good-die     : 0x01 (Pass)[0m
[0;32mI (333) octal_psram: Latency      : 0x01 (Fixed)[0m
[0;32mI (339) octal_psram: VCC          : 0x01 (3V)[0m
[0;32mI (344) octal_psram: SRF          : 0x01 (Fast Refresh)[0m
[0;32mI (350) octal_psram: BurstType    : 0x01 (Hybrid Wrap)[0m
[0;32mI (355) octal_psram: BurstLen     : 0x01 (32 Byte)[0m
[0;32mI (361) octal_psram: Readlatency  : 0x02 (10 cycles@Fixed)[0m
[0;32mI (367) octal_psram: DriveStrength: 0x00 (1/1)[0m
[0;32mI (373) MSPI Timing: PSRAM timing tuning index: 5[0m
[0;32mI (378) esp_psram: Found 8MB PSRAM device[0m
[0;32mI (382) esp_psram: Speed: 80MHz[0m
[0;32mI (467) mmu_psram: Instructions copied and mapped to SPIRAM[0m
[0;32mI (487) mmu_psram: Read only data copied and mapped to SPIRAM[0m
[0;32mI (487) cpu_start: Pro cpu up.[0m
[0;32mI (487) cpu_start: Starting app cpu, entry point is 0x403757ac[0m
[0;32mI (0) cpu_start: App cpu up.[0m
[0;32mI (892) esp_psram: SPI SRAM memory test OK[0m
[0;32mI (900) cpu_start: Pro cpu start user code[0m
[0;32mI (900) cpu_start: cpu freq: 240000000 Hz[0m
[0;32mI (901) cpu_start: Application information:[0m
[0;32mI (903) cpu_start: Project name:     shopify_display[0m
[0;32mI (909) cpu_start: App version:      56578fe-dirty[0m
[0;32mI (915) cpu_start: Compile time:     Dec 29 2023 20:24:40[0m
[0;32mI (921) cpu_start: ELF file SHA256:  6338a0b94353ac0e...[0m
[0;32mI (927) cpu_start: ESP-IDF:          v5.1.2-dirty[0m
[0;32mI (932) cpu_start: Min chip rev:     v0.0[0m
[0;32mI (937) cpu_start: Max chip rev:     v0.99 [0m
[0;32mI (942) cpu_start: Chip rev:         v0.1[0m
[0;32mI (946) heap_init: Initializing. RAM available for dynamic allocation:[0m
[0;32mI (954) heap_init: At 3FCA36B0 len 00046060 (280 KiB): DRAM[0m
[0;32mI (960) heap_init: At 3FCE9710 len 00005724 (21 KiB): STACK/DRAM[0m
[0;32mI (966) heap_init: At 3FCF0000 len 00008000 (32 KiB): DRAM[0m
[0;32mI (973) heap_init: At 600FE010 len 00001FD8 (7 KiB): RTCRAM[0m
[0;32mI (979) esp_psram: Adding pool of 7232K of PSRAM memory to heap allocator[0m
[0;32mI (987) spi_flash: detected chip: generic[0m
[0;32mI (991) spi_flash: flash io: dio[0m
[0;32mI (995) sleep: Configure to isolate all GPIO pins in sleep state[0m
[0;32mI (1002) sleep: Enable automatic switching of GPIO sleep configuration[0m
[0;32mI (1009) app_start: Starting scheduler on CPU0[0m
[0;32mI (1014) app_start: Starting scheduler on CPU1[0m
[0;32mI (1014) main_task: Started on CPU0[0m
[0;32mI (1024) esp_psram: Reserving pool of 32K of internal memory for DMA/internal allocations[0m
[0;32mI (1034) main_task: Calling app_main()[0m
[0;32mI (1044) sensorTask.c: Enable request timer[0m
[0;32mI (1044) GUI: Turn off LCD backlight[0m
[0;32mI (1044) pp: pp rom version: e7ae62f[0m
[0;32mI (1044) gpio: GPIO[45]| InputEn: 0| OutputEn: 1| OpenDrain: 0| Pullup: 0| Pulldown: 0| Intr:0 [0m
[0;32mI (1054) net80211: net80211 rom version: e7ae62f[0m
[0;32mI (1064) GUI: Install RGB LCD panel driver[0m
I (1074) wifi:wifi driver task: 3fcbcda8, prio:23, stack:6656, core=0
I (1084) wifi:wifi firmware version: 91b9630
I (1084) wifi:wifi certification version: v7.0
I (1084) wifi:config NVS flash: enabled
I (1084) wifi:config nano formating: disabled
I (1094) wifi:Init data frame dynamic rx buffer num: 32
D (1094) lcd_panel.rgb: new rgb panel(0) @0x3fca88b4, num_fbs=1, fb_size=768000, bb0 @0x0, bb1 @0x0, bb_size=0[0m
I (1094) wifi:D (1104) lcd_panel.rgb: fb[0] @0x3c0f09c0[0m
Init static rx mgmt buffer num: 5[0;32mI (1114) GUI: Register event callbacks[0m

[0;31mE (1124) lcd_panel.rgb: esp_lcd_rgb_panel_register_event_callbacks(358): on_vsync callback not in IRAM[0m
ESP_ERROR_CHECK failed: esp_err_t 0x102 (ESP_ERR_INVALID_ARG) at 0x4200a617
file: "./main/gui.c" line 194
func: guiTask
expression: esp_lcd_rgb_panel_register_event_callbacks(panel_handle, &cbs, &disp_drv)

abort() was called at PC 0x4037ef33 on core 1


Backtrace: 0x40375d4a:0x3fcb79b0 0x4037ef3d:0x3fcb79d0 0x40386626:0x3fcb79f0 0x4037ef33:0x3fcb7a60 0x4200a617:0x3fcb7a90 0x40381959:0x3fcb7bf0




ELF file SHA256: 6338a0b94353ac0e

Rebooting...
ESP-ROM:esp32s3-20210327
Build:Mar 27 2021
rst:0x3 (RTC_SW_SYS_RST),boot:0x8 (SPI_FAST_FLASH_BOOT)
Saved PC:0x42008fb1
SPIWP:0xee
mode:DIO, clock div:1
load:0x3fce3818,len:0x1758
load:0x403c9700,len:0x4
load:0x403c9704,len:0xc00
load:0x403cc700,len:0x2e04
entry 0x403c9908
[0;32mI (31) boot: ESP-IDF v5.1.2-dirty 2nd stage bootloader[0m
[0;32mI (31) boot: compile time Dec 29 2023 20:24:44[0m
[0;32mI (31) boot: Multicore bootloader[0m
[0;32mI (35) boot: chip revision: v0.1[0m
[0;32mI (39) boot.esp32s3: Boot SPI Speed : 80MHz[0m
[0;32mI (43) boot.esp32s3: SPI Mode       : DIO[0m
[0;32mI (48) boot.esp32s3: SPI Flash Size : 16MB[0m
[0;32mI (53) boot: Enabling RNG early entropy source...[0m
[0;32mI (58) boot: Partition Table:[0m
[0;32mI (62) boot: ## Label            Usage          Type ST Offset   Length[0m
[0;32mI (69) boot:  0 nvs              WiFi data        01 02 00009000 00006000[0m
[0;32mI (77) boot:  1 phy_init         RF data          01 01 0000f000 00001000[0m
[0;32mI (84) boot:  2 factory          factory app      00 00 00010000 00177000[0m
[0;32mI (92) boot: End of partition table[0m
[0;32mI (96) esp_image: segment 0: paddr=00010020 vaddr=3c0c0020 size=2834ch (164684) map[0m
[0;32mI (134) esp_image: segment 1: paddr=00038374 vaddr=3fc9a700 size=04d70h ( 19824) load[0m
[0;32mI (138) esp_image: segment 2: paddr=0003d0ec vaddr=40374000 size=02f2ch ( 12076) load[0m
[0;32mI (142) esp_image: segment 3: paddr=00040020 vaddr=42000020 size=b3d48h (736584) map[0m
[0;32mI (280) esp_image: segment 4: paddr=000f3d70 vaddr=40376f2c size=136cch ( 79564) load[0m
[0;32mI (307) boot: Loaded app from partition at offset 0x10000[0m
[0;32mI (308) boot: Disabling RNG early entropy source...[0m
[0;32mI (319) cpu_start: Multicore app[0m
[0;32mI (319) octal_psram: vendor id    : 0x0d (AP)[0m
[0;32mI (320) octal_psram: dev id       : 0x02 (generation 3)[0m
[0;32mI (323) octal_psram: density      : 0x03 (64 Mbit)[0m
[0;32mI (328) octal_psram: good-die     : 0x01 (Pass)[0m
[0;32mI (333) octal_psram: Latency      : 0x01 (Fixed)[0m
[0;32mI (339) octal_psram: VCC          : 0x01 (3V)[0m
[0;32mI (344) octal_psram: SRF          : 0x01 (Fast Refresh)[0m
[0;32mI (350) octal_psram: BurstType    : 0x01 (Hybrid Wrap)[0m
[0;32mI (355) octal_psram: BurstLen     : 0x01 (32 Byte)[0m
[0;32mI (361) octal_psram: Readlatency  : 0x02 (10 cycles@Fixed)[0m
[0;32mI (367) octal_psram: DriveStrength: 0x00 (1/1)[0m
[0;32mI (373) MSPI Timing: PSRAM timing tuning index: 5[0m
[0;32mI (378) esp_psram: Found 8MB PSRAM device[0m
[0;32mI (382) esp_psram: Speed: 80MHz[0m
[0;32mI (467) mmu_psram: Instructions copied and mapped to SPIRAM[0m
[0;32mI (487) mmu_psram: Read only data copied and mapped to SPIRAM[0m
[0;32mI (487) cpu_start: Pro cpu up.[0m
[0;32mI (487) cpu_start: Starting app cpu, entry point is 0x403757ac[0m
[0;32mI (0) cpu_start: App cpu up.[0m
[0;32mI (892) esp_psram: SPI SRAM memory test OK[0m
[0;32mI (900) cpu_start: Pro cpu start user code[0m
[0;32mI (900) cpu_start: cpu freq: 240000000 Hz[0m
[0;32mI (901) cpu_start: Application information:[0m
[0;32mI (903) cpu_start: Project name:     shopify_display[0m
[0;32mI (909) cpu_start: App version:      56578fe-dirty[0m
[0;32mI (915) cpu_start: Compile time:     Dec 29 2023 20:24:40[0m
[0;32mI (921) cpu_start: ELF file SHA256:  6338a0b94353ac0e...[0m
[0;32mI (927) cpu_start: ESP-IDF:          v5.1.2-dirty[0m
[0;32mI (932) cpu_start: Min chip rev:     v0.0[0m
[0;32mI (937) cpu_start: Max chip rev:     v0.99 [0m
[0;32mI (942) cpu_start: Chip rev:         v0.1[0m
[0;32mI (946) heap_init: Initializing. RAM available for dynamic allocation:[0m
[0;32mI (954) heap_init: At 3FCA36B0 len 00046060 (280 KiB): DRAM[0m
[0;32mI (960) heap_init: At 3FCE9710 len 00005724 (21 KiB): STACK/DRAM[0m
[0;32mI (966) heap_init: At 3FCF0000 len 00008000 (32 KiB): DRAM[0m
[0;32mI (973) heap_init: At 600FE010 len 00001FD8 (7 KiB): RTCRAM[0m
[0;32mI (979) esp_psram: Adding pool of 7232K of PSRAM memory to heap allocator[0m
[0;32mI (987) spi_flash: detected chip: generic[0m
[0;32mI (991) spi_flash: flash io: dio[0m
[0;32mI (995) sleep: Configure to isolate all GPIO pins in sleep state[0m
[0;32mI (1002) sleep: Enable automatic switching of GPIO sleep configuration[0m
[0;32mI (1009) app_start: Starting scheduler on CPU0[0m
[0;32mI (1014) app_start: Starting scheduler on CPU1[0m
[0;32mI (1014) main_task: Started on CPU0[0m
[0;32mI (1024) esp_psram: Reserving pool of 32K of internal memory for DMA/internal allocations[0m
[0;32mI (1034) main_task: Calling app_main()[0m
[0;32mI (1044) sensorTask.c: Enable request timer[0m
[0;32mI (1044) GUI: Turn off LCD backlight[0m
[0;32mI (1044) pp: pp rom version: e7ae62f[0m
[0;32mI (1044) gpio: GPIO[45]| InputEn: 0| OutputEn: 1| OpenDrain: 0| Pullup: 0| Pulldown: 0| Intr:0 [0m
[0;32mI (1054) net80211: net80211 rom version: e7ae62f[0m
[0;32mI (1064) GUI: Install RGB LCD panel driver[0m
I (1074) wifi:wifi driver task: 3fcbcda8, prio:23, stack:6656, core=0
I (1084) wifi:wifi firmware version: 91b9630
I (1084) wifi:wifi certification version: v7.0
I (1084) wifi:config NVS flash: enabled
I (1084) wifi:config nano formating: disabled
I (1094) wifi:Init data frame dynamic rx buffer num: 32
D (1094) lcd_panel.rgb: new rgb panel(0) @0x3fca88b4, num_fbs=1, fb_size=768000, bb0 @0x0, bb1 @0x0, bb_size=0[0m
I (1094) wifi:D (1104) lcd_panel.rgb: fb[0] @0x3c0f09c0[0m
Init static rx mgmt buffer num: 5[0;32mI (1114) GUI: Register event callbacks[0m

[0;31mE (1124) lcd_panel.rgb: esp_lcd_rgb_panel_register_event_callbacks(358): on_vsync callback not in IRAM[0m
ESP_ERROR_CHECK failed: esp_err_t 0x102 (ESP_ERR_INVALID_ARG) at 0x4200a617
file: "./main/gui.c" line 194
func: guiTask
expression: esp_lcd_rgb_panel_register_event_callbacks(panel_handle, &cbs, &disp_drv)

abort() was called at PC 0x4037ef33 on core 1


Backtrace: 0x40375d4a:0x3fcb79b0 0x4037ef3d:0x3fcb79d0 0x40386626:0x3fcb79f0 0x4037ef33:0x3fcb7a60 0x4200a617:0x3fcb7a90 0x40381959:0x3fcb7bf0




ELF file SHA256: 6338a0b94353ac0e

Rebooting...
ESP-ROM:esp32s3-20210327
Build:Mar 27 2021
rst:0x3 (RTC_SW_SYS_RST),boot:0x8 (SPI_FAST_FLASH_BOOT)
Saved PC:0x42008fb3
SPIWP:0xee
mode:DIO, clock div:1
load:0x3fce3818,len:0x1758
load:0x403c9700,len:0x4
load:0x403c9704,len:0xc00
load:0x403cc700,len:0x2e04
entry 0x403c9908
[0;32mI (31) boot: ESP-IDF v5.1.2-dirty 2nd stage bootloader[0m
[0;32mI (31) boot: compile time Dec 29 2023 20:24:44[0m
[0;32mI (31) boot: Multicore bootloader[0m
[0;32mI (35) boot: chip revision: v0.1[0m
[0;32mI (39) boot.esp32s3: Boot SPI Speed : 80MHz[0m
[0;32mI (43) boot.esp32s3: SPI Mode       : DIO[0m
[0;32mI (48) boot.esp32s3: SPI Flash Size : 16MB[0m
[0;32mI (53) boot: Enabling RNG early entropy source...[0m
[0;32mI (58) boot: Partition Table:[0m
[0;32mI (62) boot: ## Label            Usage          Type ST Offset   Length[0m
[0;32mI (69) boot:  0 nvs              WiFi data        01 02 00009000 00006000[0m
[0;32mI (77) boot:  1 phy_init         RF data          01 01 0000f000 00001000[0m
[0;32mI (84) boot:  2 factory          factory app      00 00 00010000 00177000[0m
[0;32mI (92) boot: End of partition table[0m
[0;32mI (96) esp_image: segment 0: paddr=00010020 vaddr=3c0c0020 size=2834ch (164684) map[0m
[0;32mI (134) esp_image: segment 1: paddr=00038374 vaddr=3fc9a700 size=04d70h ( 19824) load[0m
[0;32mI (138) esp_image: segment 2: paddr=0003d0ec vaddr=40374000 size=02f2ch ( 12076) load[0m
[0;32mI (142) esp_image: segment 3: paddr=00040020 vaddr=42000020 size=b3d48h (736584) map[0m
[0;32mI (280) esp_image: segment 4: paddr=000f3d70 vaddr=40376f2c size=136cch ( 79564) load[0m
[0;32mI (307) boot: Loaded app from partition at offset 0x10000[0m
[0;32mI (308) boot: Disabling RNG early entropy source...[0m
[0;32mI (319) cpu_start: Multicore app[0m
[0;32mI (319) octal_psram: vendor id    : 0x0d (AP)[0m
[0;32mI (320) octal_psram: dev id       : 0x02 (generation 3)[0m
[0;32mI (323) octal_psram: density      : 0x03 (64 Mbit)[0m
[0;32mI (328) octal_psram: good-die     : 0x01 (Pass)[0m
[0;32mI (333) octal_psram: Latency      : 0x01 (Fixed)[0m
[0;32mI (339) octal_psram: VCC          : 0x01 (3V)[0m
[0;32mI (344) octal_psram: SRF          : 0x01 (Fast Refresh)[0m
[0;32mI (350) octal_psram: BurstType    : 0x01 (Hybrid Wrap)[0m
[0;32mI (355) octal_psram: BurstLen     : 0x01 (32 Byte)[0m
[0;32mI (361) octal_psram: Readlatency  : 0x02 (10 cycles@Fixed)[0m
[0;32mI (367) octal_psram: DriveStrength: 0x00 (1/1)[0m
[0;32mI (373) MSPI Timing: PSRAM timing tuning index: 5[0m
[0;32mI (378) esp_psram: Found 8MB PSRAM device[0m
[0;32mI (382) esp_psram: Speed: 80MHz[0m
[0;32mI (467) mmu_psram: Instructions copied and mapped to SPIRAM[0m
[0;32mI (487) mmu_psram: Read only data copied and mapped to SPIRAM[0m
[0;32mI (487) cpu_start: Pro cpu up.[0m
[0;32mI (487) cpu_start: Starting app cpu, entry point is 0x403757ac[0m
[0;32mI (0) cpu_start: App cpu up.[0m
[0;32mI (892) esp_psram: SPI SRAM memory test OK[0m
[0;32mI (900) cpu_start: Pro cpu start user code[0m
[0;32mI (900) cpu_start: cpu freq: 240000000 Hz[0m
[0;32mI (901) cpu_start: Application information:[0m
[0;32mI (903) cpu_start: Project name:     shopify_display[0m
[0;32mI (909) cpu_start: App version:      56578fe-dirty[0m
[0;32mI (915) cpu_start: Compile time:     Dec 29 2023 20:24:40[0m
[0;32mI (921) cpu_start: ELF file SHA256:  6338a0b94353ac0e...[0m
[0;32mI (927) cpu_start: ESP-IDF:          v5.1.2-dirty[0m
[0;32mI (932) cpu_start: Min chip rev:     v0.0[0m
[0;32mI (937) cpu_start: Max chip rev:     v0.99 [0m
[0;32mI (942) cpu_start: Chip rev:         v0.1[0m
[0;32mI (946) heap_init: Initializing. RAM available for dynamic allocation:[0m
[0;32mI (954) heap_init: At 3FCA36B0 len 00046060 (280 KiB): DRAM[0m
[0;32mI (960) heap_init: At 3FCE9710 len 00005724 (21 KiB): STACK/DRAM[0m
[0;32mI (966) heap_init: At 3FCF0000 len 00008000 (32 KiB): DRAM[0m
[0;32mI (973) heap_init: At 600FE010 len 00001FD8 (7 KiB): RTCRAM[0m
[0;32mI (979) esp_psram: Adding pool of 7232K of PSRAM memory to heap allocator[0m
[0;32mI (987) spi_flash: detected chip: generic[0m
[0;32mI (991) spi_flash: flash io: dio[0m
[0;32mI (995) sleep: Configure to isolate all GPIO pins in sleep state[0m
[0;32mI (1002) sleep: Enable automatic switching of GPIO sleep configuration[0m
[0;32mI (1009) app_start: Starting scheduler on CPU0[0m
[0;32mI (1014) app_start: Starting scheduler on CPU1[0m
[0;32mI (1014) main_task: Started on CPU0[0m
[0;32mI (1024) esp_psram: Reserving pool of 32K of internal memory for DMA/internal allocations[0m
[0;32mI (1034) main_task: Calling app_main()[0m
[0;32mI (1044) sensorTask.c: Enable request timer[0m
[0;32mI (1044) GUI: Turn off LCD backlight[0m
[0;32mI (1044) pp: pp rom version: e7ae62f[0m
[0;32mI (1044) gpio: GPIO[45]| InputEn: 0| OutputEn: 1| OpenDrain: 0| Pullup: 0| Pulldown: 0| Intr:0 [0m
[0;32mI (1054) net80211: net80211 rom version: e7ae62f[0m
[0;32mI (1064) GUI: Install RGB LCD panel driver[0m
I (1074) wifi:wifi driver task: 3fcbcda8, prio:23, stack:6656, core=0
I (1084) wifi:wifi firmware version: 91b9630
I (1084) wifi:wifi certification version: v7.0
I (1084) wifi:config NVS flash: enabled
I (1084) wifi:config nano formating: disabled
I (1094) wifi:Init data frame dynamic rx buffer num: 32
D (1094) lcd_panel.rgb: new rgb panel(0) @0x3fca88b4, num_fbs=1, fb_size=768000, bb0 @0x0, bb1 @0x0, bb_size=0[0m
I (1094) wifi:D (1104) lcd_panel.rgb: fb[0] @0x3c0f09c0[0m
Init static rx mgmt buffer num: 5[0;32mI (1114) GUI: Register event callbacks[0m

[0;31mE (1124) lcd_panel.rgb: esp_lcd_rgb_panel_register_event_callbacks(358): on_vsync callback not in IRAM[0m
ESP_ERROR_CHECK failed: esp_err_t 0x102 (ESP_ERR_INVALID_ARG) at 0x4200a617
file: "./main/gui.c" line 194
func: guiTask
